09:45:55 **** Build of project lab10_demo_bsp ****
make -k all 
Running Make include in ps7_cortexa9_0/libsrc/axidma_v9_9/src
make -C ps7_cortexa9_0/libsrc/axidma_v9_9/src -s include  "SHELL=/bin/sh" "COMPILER=arm-none-eabi-gcc" "ARCHIVER=arm-none-eabi-ar" "COMPILER_FLAGS=  -O2 -c" "EXTRA_COMPILER_FLAGS=-mcpu=cortex-a9 -mfpu=vfpv3 -mfloat-abi=hard -nostartfiles -g -Wall -Wextra"
Running Make include in ps7_cortexa9_0/libsrc/coresightps_dcc_v1_5/src
make -C ps7_cortexa9_0/libsrc/coresightps_dcc_v1_5/src -s include  "SHELL=/bin/sh" "COMPILER=arm-none-eabi-gcc" "ARCHIVER=arm-none-eabi-ar" "COMPILER_FLAGS=  -O2 -c" "EXTRA_COMPILER_FLAGS=-mcpu=cortex-a9 -mfpu=vfpv3 -mfloat-abi=hard -nostartfiles -g -Wall -Wextra"
Running Make include in ps7_cortexa9_0/libsrc/cpu_cortexa9_v2_7/src
make -C ps7_cortexa9_0/libsrc/cpu_cortexa9_v2_7/src -s include  "SHELL=/bin/sh" "COMPILER=arm-none-eabi-gcc" "ARCHIVER=arm-none-eabi-ar" "COMPILER_FLAGS=  -O2 -c" "EXTRA_COMPILER_FLAGS=-mcpu=cortex-a9 -mfpu=vfpv3 -mfloat-abi=hard -nostartfiles -g -Wall -Wextra"
Running Make include in ps7_cortexa9_0/libsrc/ddrps_v1_0/src
make -C ps7_cortexa9_0/libsrc/ddrps_v1_0/src -s include  "SHELL=/bin/sh" "COMPILER=arm-none-eabi-gcc" "ARCHIVER=arm-none-eabi-ar" "COMPILER_FLAGS=  -O2 -c" "EXTRA_COMPILER_FLAGS=-mcpu=cortex-a9 -mfpu=vfpv3 -mfloat-abi=hard -nostartfiles -g -Wall -Wextra"
Running Make include in ps7_cortexa9_0/libsrc/devcfg_v3_5/src
make -C ps7_cortexa9_0/libsrc/devcfg_v3_5/src -s include  "SHELL=/bin/sh" "COMPILER=arm-none-eabi-gcc" "ARCHIVER=arm-none-eabi-ar" "COMPILER_FLAGS=  -O2 -c" "EXTRA_COMPILER_FLAGS=-mcpu=cortex-a9 -mfpu=vfpv3 -mfloat-abi=hard -nostartfiles -g -Wall -Wextra"
Running Make include in ps7_cortexa9_0/libsrc/dmaps_v2_4/src
make -C ps7_cortexa9_0/libsrc/dmaps_v2_4/src -s include  "SHELL=/bin/sh" "COMPILER=arm-none-eabi-gcc" "ARCHIVER=arm-none-eabi-ar" "COMPILER_FLAGS=  -O2 -c" "EXTRA_COMPILER_FLAGS=-mcpu=cortex-a9 -mfpu=vfpv3 -mfloat-abi=hard -nostartfiles -g -Wall -Wextra"
Running Make include in ps7_cortexa9_0/libsrc/gpiops_v3_5/src
make -C ps7_cortexa9_0/libsrc/gpiops_v3_5/src -s include  "SHELL=/bin/sh" "COMPILER=arm-none-eabi-gcc" "ARCHIVER=arm-none-eabi-ar" "COMPILER_FLAGS=  -O2 -c" "EXTRA_COMPILER_FLAGS=-mcpu=cortex-a9 -mfpu=vfpv3 -mfloat-abi=hard -nostartfiles -g -Wall -Wextra"
Running Make include in ps7_cortexa9_0/libsrc/scugic_v4_0/src
make -C ps7_cortexa9_0/libsrc/scugic_v4_0/src -s include  "SHELL=/bin/sh" "COMPILER=arm-none-eabi-gcc" "ARCHIVER=arm-none-eabi-ar" "COMPILER_FLAGS=  -O2 -c" "EXTRA_COMPILER_FLAGS=-mcpu=cortex-a9 -mfpu=vfpv3 -mfloat-abi=hard -nostartfiles -g -Wall -Wextra"
Running Make include in ps7_cortexa9_0/libsrc/scutimer_v2_1/src
make -C ps7_cortexa9_0/libsrc/scutimer_v2_1/src -s include  "SHELL=/bin/sh" "COMPILER=arm-none-eabi-gcc" "ARCHIVER=arm-none-eabi-ar" "COMPILER_FLAGS=  -O2 -c" "EXTRA_COMPILER_FLAGS=-mcpu=cortex-a9 -mfpu=vfpv3 -mfloat-abi=hard -nostartfiles -g -Wall -Wextra"
Running Make include in ps7_cortexa9_0/libsrc/scuwdt_v2_1/src
make -C ps7_cortexa9_0/libsrc/scuwdt_v2_1/src -s include  "SHELL=/bin/sh" "COMPILER=arm-none-eabi-gcc" "ARCHIVER=arm-none-eabi-ar" "COMPILER_FLAGS=  -O2 -c" "EXTRA_COMPILER_FLAGS=-mcpu=cortex-a9 -mfpu=vfpv3 -mfloat-abi=hard -nostartfiles -g -Wall -Wextra"
Running Make include in ps7_cortexa9_0/libsrc/standalone_v7_0/src
make -C ps7_cortexa9_0/libsrc/standalone_v7_0/src -s include  "SHELL=/bin/sh" "COMPILER=arm-none-eabi-gcc" "ARCHIVER=arm-none-eabi-ar" "COMPILER_FLAGS=  -O2 -c" "EXTRA_COMPILER_FLAGS=-mcpu=cortex-a9 -mfpu=vfpv3 -mfloat-abi=hard -nostartfiles -g -Wall -Wextra"
Running Make include in ps7_cortexa9_0/libsrc/uartps_v3_7/src
make -C ps7_cortexa9_0/libsrc/uartps_v3_7/src -s include  "SHELL=/bin/sh" "COMPILER=arm-none-eabi-gcc" "ARCHIVER=arm-none-eabi-ar" "COMPILER_FLAGS=  -O2 -c" "EXTRA_COMPILER_FLAGS=-mcpu=cortex-a9 -mfpu=vfpv3 -mfloat-abi=hard -nostartfiles -g -Wall -Wextra"
Running Make include in ps7_cortexa9_0/libsrc/xadcps_v2_3/src
make -C ps7_cortexa9_0/libsrc/xadcps_v2_3/src -s include  "SHELL=/bin/sh" "COMPILER=arm-none-eabi-gcc" "ARCHIVER=arm-none-eabi-ar" "COMPILER_FLAGS=  -O2 -c" "EXTRA_COMPILER_FLAGS=-mcpu=cortex-a9 -mfpu=vfpv3 -mfloat-abi=hard -nostartfiles -g -Wall -Wextra"
Running Make libs in ps7_cortexa9_0/libsrc/axidma_v9_9/src
make -C ps7_cortexa9_0/libsrc/axidma_v9_9/src -s libs  "SHELL=/bin/sh" "COMPILER=arm-none-eabi-gcc" "ARCHIVER=arm-none-eabi-ar" "COMPILER_FLAGS=  -O2 -c" "EXTRA_COMPILER_FLAGS=-mcpu=cortex-a9 -mfpu=vfpv3 -mfloat-abi=hard -nostartfiles -g -Wall -Wextra"
Compiling axidma
arm-none-eabi-ar: creating ../../../lib/libxil.a
Running Make libs in ps7_cortexa9_0/libsrc/coresightps_dcc_v1_5/src
make -C ps7_cortexa9_0/libsrc/coresightps_dcc_v1_5/src -s libs  "SHELL=/bin/sh" "COMPILER=arm-none-eabi-gcc" "ARCHIVER=arm-none-eabi-ar" "COMPILER_FLAGS=  -O2 -c" "EXTRA_COMPILER_FLAGS=-mcpu=cortex-a9 -mfpu=vfpv3 -mfloat-abi=hard -nostartfiles -g -Wall -Wextra"
Compiling coresightps_dcc
Running Make libs in ps7_cortexa9_0/libsrc/cpu_cortexa9_v2_7/src
make -C ps7_cortexa9_0/libsrc/cpu_cortexa9_v2_7/src -s libs  "SHELL=/bin/sh" "COMPILER=arm-none-eabi-gcc" "ARCHIVER=arm-none-eabi-ar" "COMPILER_FLAGS=  -O2 -c" "EXTRA_COMPILER_FLAGS=-mcpu=cortex-a9 -mfpu=vfpv3 -mfloat-abi=hard -nostartfiles -g -Wall -Wextra"
Compiling cpu_cortexa9
Running Make libs in ps7_cortexa9_0/libsrc/ddrps_v1_0/src
make -C ps7_cortexa9_0/libsrc/ddrps_v1_0/src -s libs  "SHELL=/bin/sh" "COMPILER=arm-none-eabi-gcc" "ARCHIVER=arm-none-eabi-ar" "COMPILER_FLAGS=  -O2 -c" "EXTRA_COMPILER_FLAGS=-mcpu=cortex-a9 -mfpu=vfpv3 -mfloat-abi=hard -nostartfiles -g -Wall -Wextra"
Compiling ddrps
Running Make libs in ps7_cortexa9_0/libsrc/devcfg_v3_5/src
make -C ps7_cortexa9_0/libsrc/devcfg_v3_5/src -s libs  "SHELL=/bin/sh" "COMPILER=arm-none-eabi-gcc" "ARCHIVER=arm-none-eabi-ar" "COMPILER_FLAGS=  -O2 -c" "EXTRA_COMPILER_FLAGS=-mcpu=cortex-a9 -mfpu=vfpv3 -mfloat-abi=hard -nostartfiles -g -Wall -Wextra"
Compiling devcfg
Running Make libs in ps7_cortexa9_0/libsrc/dmaps_v2_4/src
make -C ps7_cortexa9_0/libsrc/dmaps_v2_4/src -s libs  "SHELL=/bin/sh" "COMPILER=arm-none-eabi-gcc" "ARCHIVER=arm-none-eabi-ar" "COMPILER_FLAGS=  -O2 -c" "EXTRA_COMPILER_FLAGS=-mcpu=cortex-a9 -mfpu=vfpv3 -mfloat-abi=hard -nostartfiles -g -Wall -Wextra"
Compiling dmaps
Running Make libs in ps7_cortexa9_0/libsrc/gpiops_v3_5/src
make -C ps7_cortexa9_0/libsrc/gpiops_v3_5/src -s libs  "SHELL=/bin/sh" "COMPILER=arm-none-eabi-gcc" "ARCHIVER=arm-none-eabi-ar" "COMPILER_FLAGS=  -O2 -c" "EXTRA_COMPILER_FLAGS=-mcpu=cortex-a9 -mfpu=vfpv3 -mfloat-abi=hard -nostartfiles -g -Wall -Wextra"
Compiling gpiops
Running Make libs in ps7_cortexa9_0/libsrc/scugic_v4_0/src
make -C ps7_cortexa9_0/libsrc/scugic_v4_0/src -s libs  "SHELL=/bin/sh" "COMPILER=arm-none-eabi-gcc" "ARCHIVER=arm-none-eabi-ar" "COMPILER_FLAGS=  -O2 -c" "EXTRA_COMPILER_FLAGS=-mcpu=cortex-a9 -mfpu=vfpv3 -mfloat-abi=hard -nostartfiles -g -Wall -Wextra"
Compiling scugic
Running Make libs in ps7_cortexa9_0/libsrc/scutimer_v2_1/src
make -C ps7_cortexa9_0/libsrc/scutimer_v2_1/src -s libs  "SHELL=/bin/sh" "COMPILER=arm-none-eabi-gcc" "ARCHIVER=arm-none-eabi-ar" "COMPILER_FLAGS=  -O2 -c" "EXTRA_COMPILER_FLAGS=-mcpu=cortex-a9 -mfpu=vfpv3 -mfloat-abi=hard -nostartfiles -g -Wall -Wextra"
Compiling scutimer
Running Make libs in ps7_cortexa9_0/libsrc/scuwdt_v2_1/src
make -C ps7_cortexa9_0/libsrc/scuwdt_v2_1/src -s libs  "SHELL=/bin/sh" "COMPILER=arm-none-eabi-gcc" "ARCHIVER=arm-none-eabi-ar" "COMPILER_FLAGS=  -O2 -c" "EXTRA_COMPILER_FLAGS=-mcpu=cortex-a9 -mfpu=vfpv3 -mfloat-abi=hard -nostartfiles -g -Wall -Wextra"
Compiling scuwdt
Running Make libs in ps7_cortexa9_0/libsrc/standalone_v7_0/src
make -C ps7_cortexa9_0/libsrc/standalone_v7_0/src -s libs  "SHELL=/bin/sh" "COMPILER=arm-none-eabi-gcc" "ARCHIVER=arm-none-eabi-ar" "COMPILER_FLAGS=  -O2 -c" "EXTRA_COMPILER_FLAGS=-mcpu=cortex-a9 -mfpu=vfpv3 -mfloat-abi=hard -nostartfiles -g -Wall -Wextra"
Compiling standalone
In file included from sleep.c:53:
xtime_l.h:87:9: note: #pragma message: For the sleep routines, Global timer is being used
 #pragma message ("For the sleep routines, Global timer is being used")
         ^~~~~~~
In file included from usleep.c:56:
xtime_l.h:87:9: note: #pragma message: For the sleep routines, Global timer is being used
 #pragma message ("For the sleep routines, Global timer is being used")
         ^~~~~~~
In file included from xil_sleeptimer.c:51:
xtime_l.h:87:9: note: #pragma message: For the sleep routines, Global timer is being used
 #pragma message ("For the sleep routines, Global timer is being used")
         ^~~~~~~
In file included from xtime_l.c:49:
xtime_l.h:87:9: note: #pragma message: For the sleep routines, Global timer is being used
 #pragma message ("For the sleep routines, Global timer is being used")
         ^~~~~~~
Running Make libs in ps7_cortexa9_0/libsrc/uartps_v3_7/src
make -C ps7_cortexa9_0/libsrc/uartps_v3_7/src -s libs  "SHELL=/bin/sh" "COMPILER=arm-none-eabi-gcc" "ARCHIVER=arm-none-eabi-ar" "COMPILER_FLAGS=  -O2 -c" "EXTRA_COMPILER_FLAGS=-mcpu=cortex-a9 -mfpu=vfpv3 -mfloat-abi=hard -nostartfiles -g -Wall -Wextra"
Compiling uartps
Running Make libs in ps7_cortexa9_0/libsrc/xadcps_v2_3/src
make -C ps7_cortexa9_0/libsrc/xadcps_v2_3/src -s libs  "SHELL=/bin/sh" "COMPILER=arm-none-eabi-gcc" "ARCHIVER=arm-none-eabi-ar" "COMPILER_FLAGS=  -O2 -c" "EXTRA_COMPILER_FLAGS=-mcpu=cortex-a9 -mfpu=vfpv3 -mfloat-abi=hard -nostartfiles -g -Wall -Wextra"
Compiling xadcps
Finished building libraries
09:46:00 **** Build of configuration Debug for project lab10_demo ****
make pre-build main-build 
a9-linaro-pre-build-step
 
Building file: ../src/helloworld.c
Invoking: ARM v7 gcc compiler
arm-none-eabi-gcc -Wall -O0 -g3 -c -fmessage-length=0 -MT"src/helloworld.o" -mcpu=cortex-a9 -mfpu=vfpv3 -mfloat-abi=hard -I../../lab10_demo_bsp/ps7_cortexa9_0/include -MMD -MP -MF"src/helloworld.d" -MT"src/helloworld.o" -o "src/helloworld.o" "../src/helloworld.c"
Finished building: ../src/helloworld.c
 
Building file: ../src/platform.c
Invoking: ARM v7 gcc compiler
arm-none-eabi-gcc -Wall -O0 -g3 -c -fmessage-length=0 -MT"src/platform.o" -mcpu=cortex-a9 -mfpu=vfpv3 -mfloat-abi=hard -I../../lab10_demo_bsp/ps7_cortexa9_0/include -MMD -MP -MF"src/platform.d" -MT"src/platform.o" -o "src/platform.o" "../src/platform.c"
Finished building: ../src/platform.c
 
Building target: lab10_demo.elf
Invoking: ARM v7 gcc linker
arm-none-eabi-gcc -mcpu=cortex-a9 -mfpu=vfpv3 -mfloat-abi=hard -Wl,-build-id=none -specs=Xilinx.spec -Wl,-T -Wl,../src/lscript.ld -L../../lab10_demo_bsp/ps7_cortexa9_0/lib -o "lab10_demo.elf" ./src/helloworld.o ./src/platform.o   -Wl,--start-group,-lxil,-lgcc,-lc,--end-group
Finished building target: lab10_demo.elf
 
Invoking: ARM v7 Print Size
arm-none-eabi-size lab10_demo.elf  |tee "lab10_demo.elf.size"
   text	   data	    bss	    dec	    hex	filename
  19064	   1144	  22568	  42776	   a718	lab10_demo.elf
Finished building: lab10_demo.elf.size
 
09:46:02 **** Auto Build of configuration Debug for project lab10_demo ****
make pre-build main-build 
a9-linaro-pre-build-step
 
make: Nothing to be done for 'main-build'.
09:53:28 **** Auto Build of configuration Debug for project lab10_demo ****
make pre-build main-build 
a9-linaro-pre-build-step
 
Building file: ../src/helloworld.c
Invoking: ARM v7 gcc compiler
arm-none-eabi-gcc -Wall -O0 -g3 -c -fmessage-length=0 -MT"src/helloworld.o" -mcpu=cortex-a9 -mfpu=vfpv3 -mfloat-abi=hard -I../../lab10_demo_bsp/ps7_cortexa9_0/include -MMD -MP -MF"src/helloworld.d" -MT"src/helloworld.o" -o "src/helloworld.o" "../src/helloworld.c"
In file included from ../src/helloworld.c:6:
../../lab10_demo_bsp/ps7_cortexa9_0/include/xtime_l.h:87:9: note: #pragma message: For the sleep routines, Global timer is being used
 #pragma message ("For the sleep routines, Global timer is being used")
         ^~~~~~~
../src/helloworld.c:9:10: fatal error: dma_init.h: No such file or directory
 #include "dma_init.h"
          ^~~~~~~~~~~~
compilation terminated.
make: *** [src/subdir.mk:26: src/helloworld.o] Error 1
09:53:57 **** Auto Build of configuration Debug for project lab10_demo ****
make pre-build main-build 
a9-linaro-pre-build-step
 
Building file: ../src/helloworld.c
Invoking: ARM v7 gcc compiler
arm-none-eabi-gcc -Wall -O0 -g3 -c -fmessage-length=0 -MT"src/helloworld.o" -mcpu=cortex-a9 -mfpu=vfpv3 -mfloat-abi=hard -I../../lab10_demo_bsp/ps7_cortexa9_0/include -MMD -MP -MF"src/helloworld.d" -MT"src/helloworld.o" -o "src/helloworld.o" "../src/helloworld.c"
In file included from ../src/helloworld.c:6:
../../lab10_demo_bsp/ps7_cortexa9_0/include/xtime_l.h:87:9: note: #pragma message: For the sleep routines, Global timer is being used
 #pragma message ("For the sleep routines, Global timer is being used")
         ^~~~~~~
../src/helloworld.c: In function 'bitreverse':
../src/helloworld.c:17:2: warning: label 'bit_reversal' defined but not used [-Wunused-label]
  bit_reversal: for(int i=0;i<N;i++){
  ^~~~~~~~~~~~
../src/helloworld.c: In function 'FFT_stages':
../src/helloworld.c:34:2: warning: label 'stage3' defined but not used [-Wunused-label]
  stage3: for(int i=0;i<N/2;i=i+1){
  ^~~~~~
../src/helloworld.c:28:2: warning: label 'stage2' defined but not used [-Wunused-label]
  stage2: for(int i=0;i<N;i=i+4){
  ^~~~~~
../src/helloworld.c:24:2: warning: label 'stage1' defined but not used [-Wunused-label]
  stage1: for(int i=0;i<N;i=i+2){
  ^~~~~~
../src/helloworld.c: In function 'main':
../src/helloworld.c:57:16: warning: passing argument 1 of 'bitreverse' discards 'const' qualifier from pointer target type [-Wdiscarded-qualifiers]
     bitreverse(FFT_input,FFT_rev_sw);
                ^~~~~~~~~
../src/helloworld.c:16:31: note: expected '_Complex float *' but argument is of type 'const _Complex float *'
 void bitreverse(float complex dataIn[N], float complex dataOut[N]){
                 ~~~~~~~~~~~~~~^~~~~~~~~
../src/helloworld.c:51:34: warning: unused variable 'FFT_output_hw' [-Wunused-variable]
   float complex FFT_output_sw[N],FFT_output_hw[N];
                                  ^~~~~~~~~~~~~
../src/helloworld.c:47:25: warning: unused variable 'PL_end_time' [-Wunused-variable]
     XTime PL_start_time,PL_end_time;
                         ^~~~~~~~~~~
../src/helloworld.c:47:11: warning: unused variable 'PL_start_time' [-Wunused-variable]
     XTime PL_start_time,PL_end_time;
           ^~~~~~~~~~~~~
Finished building: ../src/helloworld.c
 
Building target: lab10_demo.elf
Invoking: ARM v7 gcc linker
arm-none-eabi-gcc -mcpu=cortex-a9 -mfpu=vfpv3 -mfloat-abi=hard -Wl,-build-id=none -specs=Xilinx.spec -Wl,-T -Wl,../src/lscript.ld -L../../lab10_demo_bsp/ps7_cortexa9_0/lib -o "lab10_demo.elf" ./src/helloworld.o ./src/platform.o   -Wl,--start-group,-lxil,-lgcc,-lc,--end-group
Finished building target: lab10_demo.elf
 
Invoking: ARM v7 Print Size
arm-none-eabi-size lab10_demo.elf  |tee "lab10_demo.elf.size"
   text	   data	    bss	    dec	    hex	filename
  59852	   2584	  23328	  85764	  14f04	lab10_demo.elf
Finished building: lab10_demo.elf.size
 
09:54:12 **** Clean-only build of configuration Debug for project lab10_demo ****
make clean 
rm -rf ./src/helloworld.o ./src/platform.o ./src/helloworld.d ./src/platform.d lab10_demo.elf.size  lab10_demo.elf
 
09:54:12 **** Auto Build of configuration Debug for project lab10_demo ****
make pre-build main-build 
a9-linaro-pre-build-step
 
Building file: ../src/helloworld.c
Invoking: ARM v7 gcc compiler
arm-none-eabi-gcc -Wall -O0 -g3 -c -fmessage-length=0 -MT"src/helloworld.o" -mcpu=cortex-a9 -mfpu=vfpv3 -mfloat-abi=hard -I../../lab10_demo_bsp/ps7_cortexa9_0/include -MMD -MP -MF"src/helloworld.d" -MT"src/helloworld.o" -o "src/helloworld.o" "../src/helloworld.c"
In file included from ../src/helloworld.c:6:
../../lab10_demo_bsp/ps7_cortexa9_0/include/xtime_l.h:87:9: note: #pragma message: For the sleep routines, Global timer is being used
 #pragma message ("For the sleep routines, Global timer is being used")
         ^~~~~~~
../src/helloworld.c: In function 'bitreverse':
../src/helloworld.c:17:2: warning: label 'bit_reversal' defined but not used [-Wunused-label]
  bit_reversal: for(int i=0;i<N;i++){
  ^~~~~~~~~~~~
../src/helloworld.c: In function 'FFT_stages':
../src/helloworld.c:34:2: warning: label 'stage3' defined but not used [-Wunused-label]
  stage3: for(int i=0;i<N/2;i=i+1){
  ^~~~~~
../src/helloworld.c:28:2: warning: label 'stage2' defined but not used [-Wunused-label]
  stage2: for(int i=0;i<N;i=i+4){
  ^~~~~~
../src/helloworld.c:24:2: warning: label 'stage1' defined but not used [-Wunused-label]
  stage1: for(int i=0;i<N;i=i+2){
  ^~~~~~
../src/helloworld.c: In function 'main':
../src/helloworld.c:57:16: warning: passing argument 1 of 'bitreverse' discards 'const' qualifier from pointer target type [-Wdiscarded-qualifiers]
     bitreverse(FFT_input,FFT_rev_sw);
                ^~~~~~~~~
../src/helloworld.c:16:31: note: expected '_Complex float *' but argument is of type 'const _Complex float *'
 void bitreverse(float complex dataIn[N], float complex dataOut[N]){
                 ~~~~~~~~~~~~~~^~~~~~~~~
../src/helloworld.c:51:34: warning: unused variable 'FFT_output_hw' [-Wunused-variable]
   float complex FFT_output_sw[N],FFT_output_hw[N];
                                  ^~~~~~~~~~~~~
../src/helloworld.c:47:25: warning: unused variable 'PL_end_time' [-Wunused-variable]
     XTime PL_start_time,PL_end_time;
                         ^~~~~~~~~~~
../src/helloworld.c:47:11: warning: unused variable 'PL_start_time' [-Wunused-variable]
     XTime PL_start_time,PL_end_time;
           ^~~~~~~~~~~~~
Finished building: ../src/helloworld.c
 
Building file: ../src/platform.c
Invoking: ARM v7 gcc compiler
arm-none-eabi-gcc -Wall -O0 -g3 -c -fmessage-length=0 -MT"src/platform.o" -mcpu=cortex-a9 -mfpu=vfpv3 -mfloat-abi=hard -I../../lab10_demo_bsp/ps7_cortexa9_0/include -MMD -MP -MF"src/platform.d" -MT"src/platform.o" -o "src/platform.o" "../src/platform.c"
Finished building: ../src/platform.c
 
Building target: lab10_demo.elf
Invoking: ARM v7 gcc linker
arm-none-eabi-gcc -mcpu=cortex-a9 -mfpu=vfpv3 -mfloat-abi=hard -Wl,-build-id=none -specs=Xilinx.spec -Wl,-T -Wl,../src/lscript.ld -L../../lab10_demo_bsp/ps7_cortexa9_0/lib -o "lab10_demo.elf" ./src/helloworld.o ./src/platform.o   -Wl,--start-group,-lxil,-lgcc,-lc,--end-group
Finished building target: lab10_demo.elf
 
Invoking: ARM v7 Print Size
arm-none-eabi-size lab10_demo.elf  |tee "lab10_demo.elf.size"
   text	   data	    bss	    dec	    hex	filename
  59852	   2584	  23328	  85764	  14f04	lab10_demo.elf
Finished building: lab10_demo.elf.size
 
10:01:59 **** Auto Build of configuration Debug for project lab10_demo ****
make pre-build main-build 
a9-linaro-pre-build-step
 
Building file: ../src/helloworld.c
Invoking: ARM v7 gcc compiler
arm-none-eabi-gcc -Wall -O0 -g3 -c -fmessage-length=0 -MT"src/helloworld.o" -mcpu=cortex-a9 -mfpu=vfpv3 -mfloat-abi=hard -I../../lab10_demo_bsp/ps7_cortexa9_0/include -MMD -MP -MF"src/helloworld.d" -MT"src/helloworld.o" -o "src/helloworld.o" "../src/helloworld.c"
In file included from ../src/helloworld.c:6:
../../lab10_demo_bsp/ps7_cortexa9_0/include/xtime_l.h:87:9: note: #pragma message: For the sleep routines, Global timer is being used
 #pragma message ("For the sleep routines, Global timer is being used")
         ^~~~~~~
../src/helloworld.c: In function 'bitreverse':
../src/helloworld.c:17:1: warning: label 'bit_reversal' defined but not used [-Wunused-label]
 bit_reversal: for(int i=0;i<N;i++){
 ^~~~~~~~~~~~
../src/helloworld.c: In function 'FFT_stages':
../src/helloworld.c:34:1: warning: label 'stage3' defined but not used [-Wunused-label]
 stage3: for(int i=0;i<N/2;i=i+1){
 ^~~~~~
../src/helloworld.c:28:1: warning: label 'stage2' defined but not used [-Wunused-label]
 stage2: for(int i=0;i<N;i=i+4){
 ^~~~~~
../src/helloworld.c:24:1: warning: label 'stage1' defined but not used [-Wunused-label]
 stage1: for(int i=0;i<N;i=i+2){
 ^~~~~~
../src/helloworld.c: In function 'main':
../src/helloworld.c:57:13: warning: passing argument 1 of 'bitreverse' discards 'const' qualifier from pointer target type [-Wdiscarded-qualifiers]
  bitreverse(FFT_input,FFT_rev_sw);
             ^~~~~~~~~
../src/helloworld.c:16:31: note: expected '_Complex float *' but argument is of type 'const _Complex float *'
 void bitreverse(float complex dataIn[N], float complex dataOut[N]){
                 ~~~~~~~~~~~~~~^~~~~~~~~
../src/helloworld.c:51:33: warning: unused variable 'FFT_output_hw' [-Wunused-variable]
  float complex FFT_output_sw[N],FFT_output_hw[N];
                                 ^~~~~~~~~~~~~
../src/helloworld.c:47:22: warning: unused variable 'PL_end_time' [-Wunused-variable]
  XTime PL_start_time,PL_end_time;
                      ^~~~~~~~~~~
../src/helloworld.c:47:8: warning: unused variable 'PL_start_time' [-Wunused-variable]
  XTime PL_start_time,PL_end_time;
        ^~~~~~~~~~~~~
Finished building: ../src/helloworld.c
 
Building target: lab10_demo.elf
Invoking: ARM v7 gcc linker
arm-none-eabi-gcc -mcpu=cortex-a9 -mfpu=vfpv3 -mfloat-abi=hard -Wl,-build-id=none -specs=Xilinx.spec -Wl,-T -Wl,../src/lscript.ld -L../../lab10_demo_bsp/ps7_cortexa9_0/lib -o "lab10_demo.elf" ./src/helloworld.o ./src/platform.o   -Wl,--start-group,-lxil,-lgcc,-lc,--end-group
Finished building target: lab10_demo.elf
 
Invoking: ARM v7 Print Size
arm-none-eabi-size lab10_demo.elf  |tee "lab10_demo.elf.size"
   text	   data	    bss	    dec	    hex	filename
  59852	   2584	  23328	  85764	  14f04	lab10_demo.elf
Finished building: lab10_demo.elf.size
 
10:03:22 **** Auto Build of configuration Debug for project lab10_demo ****
make pre-build main-build 
a9-linaro-pre-build-step
 
Building file: ../src/helloworld.c
Invoking: ARM v7 gcc compiler
arm-none-eabi-gcc -Wall -O0 -g3 -c -fmessage-length=0 -MT"src/helloworld.o" -mcpu=cortex-a9 -mfpu=vfpv3 -mfloat-abi=hard -I../../lab10_demo_bsp/ps7_cortexa9_0/include -MMD -MP -MF"src/helloworld.d" -MT"src/helloworld.o" -o "src/helloworld.o" "../src/helloworld.c"
In file included from ../src/helloworld.c:6:
../../lab10_demo_bsp/ps7_cortexa9_0/include/xtime_l.h:87:9: note: #pragma message: For the sleep routines, Global timer is being used
 #pragma message ("For the sleep routines, Global timer is being used")
         ^~~~~~~
../src/helloworld.c: In function 'bitreverse':
../src/helloworld.c:17:1: warning: label 'bit_reversal' defined but not used [-Wunused-label]
 bit_reversal: for(int i=0;i<N;i++){
 ^~~~~~~~~~~~
../src/helloworld.c: In function 'FFT_stages':
../src/helloworld.c:34:1: warning: label 'stage3' defined but not used [-Wunused-label]
 stage3: for(int i=0;i<N/2;i=i+1){
 ^~~~~~
../src/helloworld.c:28:1: warning: label 'stage2' defined but not used [-Wunused-label]
 stage2: for(int i=0;i<N;i=i+4){
 ^~~~~~
../src/helloworld.c:24:1: warning: label 'stage1' defined but not used [-Wunused-label]
 stage1: for(int i=0;i<N;i=i+2){
 ^~~~~~
../src/helloworld.c: In function 'main':
../src/helloworld.c:57:13: warning: passing argument 1 of 'bitreverse' discards 'const' qualifier from pointer target type [-Wdiscarded-qualifiers]
  bitreverse(FFT_input,FFT_rev_sw);
             ^~~~~~~~~
../src/helloworld.c:16:31: note: expected '_Complex float *' but argument is of type 'const _Complex float *'
 void bitreverse(float complex dataIn[N], float complex dataOut[N]){
                 ~~~~~~~~~~~~~~^~~~~~~~~
../src/helloworld.c:51:33: warning: unused variable 'FFT_output_hw' [-Wunused-variable]
  float complex FFT_output_sw[N],FFT_output_hw[N];
                                 ^~~~~~~~~~~~~
../src/helloworld.c:47:22: warning: unused variable 'PL_end_time' [-Wunused-variable]
  XTime PL_start_time,PL_end_time;
                      ^~~~~~~~~~~
../src/helloworld.c:47:8: warning: unused variable 'PL_start_time' [-Wunused-variable]
  XTime PL_start_time,PL_end_time;
        ^~~~~~~~~~~~~
Finished building: ../src/helloworld.c
 
Building target: lab10_demo.elf
Invoking: ARM v7 gcc linker
arm-none-eabi-gcc -mcpu=cortex-a9 -mfpu=vfpv3 -mfloat-abi=hard -Wl,-build-id=none -specs=Xilinx.spec -Wl,-T -Wl,../src/lscript.ld -L../../lab10_demo_bsp/ps7_cortexa9_0/lib -o "lab10_demo.elf" ./src/helloworld.o ./src/platform.o   -Wl,--start-group,-lxil,-lgcc,-lc,--end-group
Finished building target: lab10_demo.elf
 
Invoking: ARM v7 Print Size
arm-none-eabi-size lab10_demo.elf  |tee "lab10_demo.elf.size"
   text	   data	    bss	    dec	    hex	filename
  69872	   2648	  23328	  95848	  17668	lab10_demo.elf
Finished building: lab10_demo.elf.size
 
10:07:52 **** Auto Build of configuration Debug for project lab10_demo ****
make pre-build main-build 
a9-linaro-pre-build-step
 
Building file: ../src/helloworld.c
Invoking: ARM v7 gcc compiler
arm-none-eabi-gcc -Wall -O0 -g3 -c -fmessage-length=0 -MT"src/helloworld.o" -mcpu=cortex-a9 -mfpu=vfpv3 -mfloat-abi=hard -I../../lab10_demo_bsp/ps7_cortexa9_0/include -MMD -MP -MF"src/helloworld.d" -MT"src/helloworld.o" -o "src/helloworld.o" "../src/helloworld.c"
In file included from ../src/helloworld.c:6:
../../lab10_demo_bsp/ps7_cortexa9_0/include/xtime_l.h:87:9: note: #pragma message: For the sleep routines, Global timer is being used
 #pragma message ("For the sleep routines, Global timer is being used")
         ^~~~~~~
../src/helloworld.c: In function 'bitreverse':
../src/helloworld.c:17:1: warning: label 'bit_reversal' defined but not used [-Wunused-label]
 bit_reversal: for(int i=0;i<N;i++){
 ^~~~~~~~~~~~
../src/helloworld.c: In function 'FFT_stages':
../src/helloworld.c:34:1: warning: label 'stage3' defined but not used [-Wunused-label]
 stage3: for(int i=0;i<N/2;i=i+1){
 ^~~~~~
../src/helloworld.c:28:1: warning: label 'stage2' defined but not used [-Wunused-label]
 stage2: for(int i=0;i<N;i=i+4){
 ^~~~~~
../src/helloworld.c:24:1: warning: label 'stage1' defined but not used [-Wunused-label]
 stage1: for(int i=0;i<N;i=i+2){
 ^~~~~~
../src/helloworld.c: In function 'main':
../src/helloworld.c:57:13: warning: passing argument 1 of 'bitreverse' discards 'const' qualifier from pointer target type [-Wdiscarded-qualifiers]
  bitreverse(FFT_input,FFT_rev_sw);
             ^~~~~~~~~
../src/helloworld.c:16:31: note: expected '_Complex float *' but argument is of type 'const _Complex float *'
 void bitreverse(float complex dataIn[N], float complex dataOut[N]){
                 ~~~~~~~~~~~~~~^~~~~~~~~
../src/helloworld.c:64:25: error: 'AxiDMA' undeclared (first use in this function); did you mean 'XAxiDma'?
  int status = DMA_Init(&AxiDMA, XPAR_AXI_DMA_0_DEVICE_ID);
                         ^~~~~~
                         XAxiDma
../src/helloworld.c:64:25: note: each undeclared identifier is reported only once for each function it appears in
../src/helloworld.c:64:6: warning: unused variable 'status' [-Wunused-variable]
  int status = DMA_Init(&AxiDMA, XPAR_AXI_DMA_0_DEVICE_ID);
      ^~~~~~
../src/helloworld.c:51:33: warning: unused variable 'FFT_output_hw' [-Wunused-variable]
  float complex FFT_output_sw[N],FFT_output_hw[N];
                                 ^~~~~~~~~~~~~
../src/helloworld.c:47:22: warning: unused variable 'PL_end_time' [-Wunused-variable]
  XTime PL_start_time,PL_end_time;
                      ^~~~~~~~~~~
../src/helloworld.c:47:8: warning: unused variable 'PL_start_time' [-Wunused-variable]
  XTime PL_start_time,PL_end_time;
        ^~~~~~~~~~~~~
make: *** [src/subdir.mk:26: src/helloworld.o] Error 1
10:09:04 **** Auto Build of configuration Debug for project lab10_demo ****
make pre-build main-build 
a9-linaro-pre-build-step
 
Building file: ../src/helloworld.c
Invoking: ARM v7 gcc compiler
arm-none-eabi-gcc -Wall -O0 -g3 -c -fmessage-length=0 -MT"src/helloworld.o" -mcpu=cortex-a9 -mfpu=vfpv3 -mfloat-abi=hard -I../../lab10_demo_bsp/ps7_cortexa9_0/include -MMD -MP -MF"src/helloworld.d" -MT"src/helloworld.o" -o "src/helloworld.o" "../src/helloworld.c"
In file included from ../src/helloworld.c:6:
../../lab10_demo_bsp/ps7_cortexa9_0/include/xtime_l.h:87:9: note: #pragma message: For the sleep routines, Global timer is being used
 #pragma message ("For the sleep routines, Global timer is being used")
         ^~~~~~~
../src/helloworld.c: In function 'bitreverse':
../src/helloworld.c:17:1: warning: label 'bit_reversal' defined but not used [-Wunused-label]
 bit_reversal: for(int i=0;i<N;i++){
 ^~~~~~~~~~~~
../src/helloworld.c: In function 'FFT_stages':
../src/helloworld.c:34:1: warning: label 'stage3' defined but not used [-Wunused-label]
 stage3: for(int i=0;i<N/2;i=i+1){
 ^~~~~~
../src/helloworld.c:28:1: warning: label 'stage2' defined but not used [-Wunused-label]
 stage2: for(int i=0;i<N;i=i+4){
 ^~~~~~
../src/helloworld.c:24:1: warning: label 'stage1' defined but not used [-Wunused-label]
 stage1: for(int i=0;i<N;i=i+2){
 ^~~~~~
../src/helloworld.c: In function 'main':
../src/helloworld.c:57:13: warning: passing argument 1 of 'bitreverse' discards 'const' qualifier from pointer target type [-Wdiscarded-qualifiers]
  bitreverse(FFT_input,FFT_rev_sw);
             ^~~~~~~~~
../src/helloworld.c:16:31: note: expected '_Complex float *' but argument is of type 'const _Complex float *'
 void bitreverse(float complex dataIn[N], float complex dataOut[N]){
                 ~~~~~~~~~~~~~~^~~~~~~~~
../src/helloworld.c:65:6: warning: unused variable 'status' [-Wunused-variable]
  int status = DMA_Init(&AxiDMA, XPAR_AXI_DMA_0_DEVICE_ID);
      ^~~~~~
../src/helloworld.c:51:33: warning: unused variable 'FFT_output_hw' [-Wunused-variable]
  float complex FFT_output_sw[N],FFT_output_hw[N];
                                 ^~~~~~~~~~~~~
../src/helloworld.c:47:22: warning: unused variable 'PL_end_time' [-Wunused-variable]
  XTime PL_start_time,PL_end_time;
                      ^~~~~~~~~~~
../src/helloworld.c:47:8: warning: unused variable 'PL_start_time' [-Wunused-variable]
  XTime PL_start_time,PL_end_time;
        ^~~~~~~~~~~~~
Finished building: ../src/helloworld.c
 
Building target: lab10_demo.elf
Invoking: ARM v7 gcc linker
arm-none-eabi-gcc -mcpu=cortex-a9 -mfpu=vfpv3 -mfloat-abi=hard -Wl,-build-id=none -specs=Xilinx.spec -Wl,-T -Wl,../src/lscript.ld -L../../lab10_demo_bsp/ps7_cortexa9_0/lib -o "lab10_demo.elf" ./src/helloworld.o ./src/platform.o   -Wl,--start-group,-lxil,-lgcc,-lc,--end-group
Finished building target: lab10_demo.elf
 
Invoking: ARM v7 Print Size
arm-none-eabi-size lab10_demo.elf  |tee "lab10_demo.elf.size"
   text	   data	    bss	    dec	    hex	filename
  69872	   2648	  23328	  95848	  17668	lab10_demo.elf
Finished building: lab10_demo.elf.size
 
10:35:07 **** Auto Build of configuration Debug for project lab10_demo ****
make pre-build main-build 
a9-linaro-pre-build-step
 
Building file: ../src/helloworld.c
Invoking: ARM v7 gcc compiler
arm-none-eabi-gcc -Wall -O0 -g3 -c -fmessage-length=0 -MT"src/helloworld.o" -mcpu=cortex-a9 -mfpu=vfpv3 -mfloat-abi=hard -I../../lab10_demo_bsp/ps7_cortexa9_0/include -MMD -MP -MF"src/helloworld.d" -MT"src/helloworld.o" -o "src/helloworld.o" "../src/helloworld.c"
In file included from ../src/helloworld.c:6:
../../lab10_demo_bsp/ps7_cortexa9_0/include/xtime_l.h:87:9: note: #pragma message: For the sleep routines, Global timer is being used
 #pragma message ("For the sleep routines, Global timer is being used")
         ^~~~~~~
../src/helloworld.c: In function 'bitreverse':
../src/helloworld.c:17:1: warning: label 'bit_reversal' defined but not used [-Wunused-label]
 bit_reversal: for(int i=0;i<N;i++){
 ^~~~~~~~~~~~
../src/helloworld.c: In function 'FFT_stages':
../src/helloworld.c:34:1: warning: label 'stage3' defined but not used [-Wunused-label]
 stage3: for(int i=0;i<N/2;i=i+1){
 ^~~~~~
../src/helloworld.c:28:1: warning: label 'stage2' defined but not used [-Wunused-label]
 stage2: for(int i=0;i<N;i=i+4){
 ^~~~~~
../src/helloworld.c:24:1: warning: label 'stage1' defined but not used [-Wunused-label]
 stage1: for(int i=0;i<N;i=i+2){
 ^~~~~~
../src/helloworld.c: In function 'main':
../src/helloworld.c:57:13: warning: passing argument 1 of 'bitreverse' discards 'const' qualifier from pointer target type [-Wdiscarded-qualifiers]
  bitreverse(FFT_input,FFT_rev_sw);
             ^~~~~~~~~
../src/helloworld.c:16:31: note: expected '_Complex float *' but argument is of type 'const _Complex float *'
 void bitreverse(float complex dataIn[N], float complex dataOut[N]){
                 ~~~~~~~~~~~~~~^~~~~~~~~
../src/helloworld.c:67:29: error: expected declaration specifiers or '...' before '&' token
  u32 XAxiDma_SimpleTransfer(&AxiDMA, (UINTPTR) FFT_output_hw, sizeof(float complex)*N, XAXIDMA_DEVICE_TO_DMA); // fft -> dma
                             ^
../src/helloworld.c:67:38: error: expected declaration specifiers or '...' before '(' token
  u32 XAxiDma_SimpleTransfer(&AxiDMA, (UINTPTR) FFT_output_hw, sizeof(float complex)*N, XAXIDMA_DEVICE_TO_DMA); // fft -> dma
                                      ^
../src/helloworld.c:67:63: error: expected declaration specifiers or '...' before 'sizeof'
  u32 XAxiDma_SimpleTransfer(&AxiDMA, (UINTPTR) FFT_output_hw, sizeof(float complex)*N, XAXIDMA_DEVICE_TO_DMA); // fft -> dma
                                                               ^~~~~~
In file included from ../../lab10_demo_bsp/ps7_cortexa9_0/include/xaxidma_bd.h:114,
                 from ../../lab10_demo_bsp/ps7_cortexa9_0/include/xaxidma_bdring.h:83,
                 from ../../lab10_demo_bsp/ps7_cortexa9_0/include/xaxidma.h:488,
                 from ../src/helloworld.c:8:
../../lab10_demo_bsp/ps7_cortexa9_0/include/xaxidma_hw.h:73:32: error: expected declaration specifiers or '...' before numeric constant
 #define XAXIDMA_DEVICE_TO_DMA  0x01
                                ^~~~
../src/helloworld.c:67:88: note: in expansion of macro 'XAXIDMA_DEVICE_TO_DMA'
  u32 XAxiDma_SimpleTransfer(&AxiDMA, (UINTPTR) FFT_output_hw, sizeof(float complex)*N, XAXIDMA_DEVICE_TO_DMA); // fft -> dma
                                                                                        ^~~~~~~~~~~~~~~~~~~~~
../src/helloworld.c:68:29: error: expected declaration specifiers or '...' before '&' token
  u32 XAxiDma_SimpleTransfer(&AxiDMA, (UINTPTR) FFT_input, sizeof(float complex)*N, XAXIDMA_DMA_TO_DEVICE); // dma -> fft
                             ^
../src/helloworld.c:68:38: error: expected declaration specifiers or '...' before '(' token
  u32 XAxiDma_SimpleTransfer(&AxiDMA, (UINTPTR) FFT_input, sizeof(float complex)*N, XAXIDMA_DMA_TO_DEVICE); // dma -> fft
                                      ^
../src/helloworld.c:68:59: error: expected declaration specifiers or '...' before 'sizeof'
  u32 XAxiDma_SimpleTransfer(&AxiDMA, (UINTPTR) FFT_input, sizeof(float complex)*N, XAXIDMA_DMA_TO_DEVICE); // dma -> fft
                                                           ^~~~~~
In file included from ../../lab10_demo_bsp/ps7_cortexa9_0/include/xaxidma_bd.h:114,
                 from ../../lab10_demo_bsp/ps7_cortexa9_0/include/xaxidma_bdring.h:83,
                 from ../../lab10_demo_bsp/ps7_cortexa9_0/include/xaxidma.h:488,
                 from ../src/helloworld.c:8:
../../lab10_demo_bsp/ps7_cortexa9_0/include/xaxidma_hw.h:72:32: error: expected declaration specifiers or '...' before numeric constant
 #define XAXIDMA_DMA_TO_DEVICE  0x00
                                ^~~~
../src/helloworld.c:68:84: note: in expansion of macro 'XAXIDMA_DMA_TO_DEVICE'
  u32 XAxiDma_SimpleTransfer(&AxiDMA, (UINTPTR) FFT_input, sizeof(float complex)*N, XAXIDMA_DMA_TO_DEVICE); // dma -> fft
                                                                                    ^~~~~~~~~~~~~~~~~~~~~
../src/helloworld.c:65:6: warning: unused variable 'status' [-Wunused-variable]
  int status = DMA_Init(&AxiDMA, XPAR_AXI_DMA_0_DEVICE_ID);
      ^~~~~~
../src/helloworld.c:51:33: warning: unused variable 'FFT_output_hw' [-Wunused-variable]
  float complex FFT_output_sw[N],FFT_output_hw[N];
                                 ^~~~~~~~~~~~~
../src/helloworld.c:47:22: warning: unused variable 'PL_end_time' [-Wunused-variable]
  XTime PL_start_time,PL_end_time;
                      ^~~~~~~~~~~
../src/helloworld.c:47:8: warning: unused variable 'PL_start_time' [-Wunused-variable]
  XTime PL_start_time,PL_end_time;
        ^~~~~~~~~~~~~
make: *** [src/subdir.mk:26: src/helloworld.o] Error 1
10:35:13 **** Auto Build of configuration Debug for project lab10_demo ****
make pre-build main-build 
a9-linaro-pre-build-step
 
Building file: ../src/helloworld.c
Invoking: ARM v7 gcc compiler
arm-none-eabi-gcc -Wall -O0 -g3 -c -fmessage-length=0 -MT"src/helloworld.o" -mcpu=cortex-a9 -mfpu=vfpv3 -mfloat-abi=hard -I../../lab10_demo_bsp/ps7_cortexa9_0/include -MMD -MP -MF"src/helloworld.d" -MT"src/helloworld.o" -o "src/helloworld.o" "../src/helloworld.c"
In file included from ../src/helloworld.c:6:
../../lab10_demo_bsp/ps7_cortexa9_0/include/xtime_l.h:87:9: note: #pragma message: For the sleep routines, Global timer is being used
 #pragma message ("For the sleep routines, Global timer is being used")
         ^~~~~~~
../src/helloworld.c: In function 'bitreverse':
../src/helloworld.c:17:1: warning: label 'bit_reversal' defined but not used [-Wunused-label]
 bit_reversal: for(int i=0;i<N;i++){
 ^~~~~~~~~~~~
../src/helloworld.c: In function 'FFT_stages':
../src/helloworld.c:34:1: warning: label 'stage3' defined but not used [-Wunused-label]
 stage3: for(int i=0;i<N/2;i=i+1){
 ^~~~~~
../src/helloworld.c:28:1: warning: label 'stage2' defined but not used [-Wunused-label]
 stage2: for(int i=0;i<N;i=i+4){
 ^~~~~~
../src/helloworld.c:24:1: warning: label 'stage1' defined but not used [-Wunused-label]
 stage1: for(int i=0;i<N;i=i+2){
 ^~~~~~
../src/helloworld.c: In function 'main':
../src/helloworld.c:57:13: warning: passing argument 1 of 'bitreverse' discards 'const' qualifier from pointer target type [-Wdiscarded-qualifiers]
  bitreverse(FFT_input,FFT_rev_sw);
             ^~~~~~~~~
../src/helloworld.c:16:31: note: expected '_Complex float *' but argument is of type 'const _Complex float *'
 void bitreverse(float complex dataIn[N], float complex dataOut[N]){
                 ~~~~~~~~~~~~~~^~~~~~~~~
../src/helloworld.c:67:29: error: expected declaration specifiers or '...' before '&' token
  u32 XAxiDma_SimpleTransfer(&AxiDMA, (UINTPTR) FFT_output_hw, sizeof(float complex)*N, XAXIDMA_DEVICE_TO_DMA); // fft -> dma
                             ^
../src/helloworld.c:67:38: error: expected declaration specifiers or '...' before '(' token
  u32 XAxiDma_SimpleTransfer(&AxiDMA, (UINTPTR) FFT_output_hw, sizeof(float complex)*N, XAXIDMA_DEVICE_TO_DMA); // fft -> dma
                                      ^
../src/helloworld.c:67:63: error: expected declaration specifiers or '...' before 'sizeof'
  u32 XAxiDma_SimpleTransfer(&AxiDMA, (UINTPTR) FFT_output_hw, sizeof(float complex)*N, XAXIDMA_DEVICE_TO_DMA); // fft -> dma
                                                               ^~~~~~
In file included from ../../lab10_demo_bsp/ps7_cortexa9_0/include/xaxidma_bd.h:114,
                 from ../../lab10_demo_bsp/ps7_cortexa9_0/include/xaxidma_bdring.h:83,
                 from ../../lab10_demo_bsp/ps7_cortexa9_0/include/xaxidma.h:488,
                 from ../src/helloworld.c:8:
../../lab10_demo_bsp/ps7_cortexa9_0/include/xaxidma_hw.h:73:32: error: expected declaration specifiers or '...' before numeric constant
 #define XAXIDMA_DEVICE_TO_DMA  0x01
                                ^~~~
../src/helloworld.c:67:88: note: in expansion of macro 'XAXIDMA_DEVICE_TO_DMA'
  u32 XAxiDma_SimpleTransfer(&AxiDMA, (UINTPTR) FFT_output_hw, sizeof(float complex)*N, XAXIDMA_DEVICE_TO_DMA); // fft -> dma
                                                                                        ^~~~~~~~~~~~~~~~~~~~~
../src/helloworld.c:68:29: error: expected declaration specifiers or '...' before '&' token
  u32 XAxiDma_SimpleTransfer(&AxiDMA, (UINTPTR) FFT_input, sizeof(float complex)*N, XAXIDMA_DMA_TO_DEVICE); // dma -> fft
                             ^
../src/helloworld.c:68:38: error: expected declaration specifiers or '...' before '(' token
  u32 XAxiDma_SimpleTransfer(&AxiDMA, (UINTPTR) FFT_input, sizeof(float complex)*N, XAXIDMA_DMA_TO_DEVICE); // dma -> fft
                                      ^
../src/helloworld.c:68:59: error: expected declaration specifiers or '...' before 'sizeof'
  u32 XAxiDma_SimpleTransfer(&AxiDMA, (UINTPTR) FFT_input, sizeof(float complex)*N, XAXIDMA_DMA_TO_DEVICE); // dma -> fft
                                                           ^~~~~~
In file included from ../../lab10_demo_bsp/ps7_cortexa9_0/include/xaxidma_bd.h:114,
                 from ../../lab10_demo_bsp/ps7_cortexa9_0/include/xaxidma_bdring.h:83,
                 from ../../lab10_demo_bsp/ps7_cortexa9_0/include/xaxidma.h:488,
                 from ../src/helloworld.c:8:
../../lab10_demo_bsp/ps7_cortexa9_0/include/xaxidma_hw.h:72:32: error: expected declaration specifiers or '...' before numeric constant
 #define XAXIDMA_DMA_TO_DEVICE  0x00
                                ^~~~
../src/helloworld.c:68:84: note: in expansion of macro 'XAXIDMA_DMA_TO_DEVICE'
  u32 XAxiDma_SimpleTransfer(&AxiDMA, (UINTPTR) FFT_input, sizeof(float complex)*N, XAXIDMA_DMA_TO_DEVICE); // dma -> fft
                                                                                    ^~~~~~~~~~~~~~~~~~~~~
../src/helloworld.c:65:6: warning: unused variable 'status' [-Wunused-variable]
  int status = DMA_Init(&AxiDMA, XPAR_AXI_DMA_0_DEVICE_ID);
      ^~~~~~
../src/helloworld.c:51:33: warning: unused variable 'FFT_output_hw' [-Wunused-variable]
  float complex FFT_output_sw[N],FFT_output_hw[N];
                                 ^~~~~~~~~~~~~
../src/helloworld.c:47:22: warning: unused variable 'PL_end_time' [-Wunused-variable]
  XTime PL_start_time,PL_end_time;
                      ^~~~~~~~~~~
../src/helloworld.c:47:8: warning: unused variable 'PL_start_time' [-Wunused-variable]
  XTime PL_start_time,PL_end_time;
        ^~~~~~~~~~~~~
make: *** [src/subdir.mk:26: src/helloworld.o] Error 1
10:36:01 **** Auto Build of configuration Debug for project lab10_demo ****
make pre-build main-build 
a9-linaro-pre-build-step
 
Building file: ../src/helloworld.c
Invoking: ARM v7 gcc compiler
arm-none-eabi-gcc -Wall -O0 -g3 -c -fmessage-length=0 -MT"src/helloworld.o" -mcpu=cortex-a9 -mfpu=vfpv3 -mfloat-abi=hard -I../../lab10_demo_bsp/ps7_cortexa9_0/include -MMD -MP -MF"src/helloworld.d" -MT"src/helloworld.o" -o "src/helloworld.o" "../src/helloworld.c"
In file included from ../src/helloworld.c:6:
../../lab10_demo_bsp/ps7_cortexa9_0/include/xtime_l.h:87:9: note: #pragma message: For the sleep routines, Global timer is being used
 #pragma message ("For the sleep routines, Global timer is being used")
         ^~~~~~~
../src/helloworld.c: In function 'bitreverse':
../src/helloworld.c:17:1: warning: label 'bit_reversal' defined but not used [-Wunused-label]
 bit_reversal: for(int i=0;i<N;i++){
 ^~~~~~~~~~~~
../src/helloworld.c: In function 'FFT_stages':
../src/helloworld.c:34:1: warning: label 'stage3' defined but not used [-Wunused-label]
 stage3: for(int i=0;i<N/2;i=i+1){
 ^~~~~~
../src/helloworld.c:28:1: warning: label 'stage2' defined but not used [-Wunused-label]
 stage2: for(int i=0;i<N;i=i+4){
 ^~~~~~
../src/helloworld.c:24:1: warning: label 'stage1' defined but not used [-Wunused-label]
 stage1: for(int i=0;i<N;i=i+2){
 ^~~~~~
../src/helloworld.c: In function 'main':
../src/helloworld.c:57:13: warning: passing argument 1 of 'bitreverse' discards 'const' qualifier from pointer target type [-Wdiscarded-qualifiers]
  bitreverse(FFT_input,FFT_rev_sw);
             ^~~~~~~~~
../src/helloworld.c:16:31: note: expected '_Complex float *' but argument is of type 'const _Complex float *'
 void bitreverse(float complex dataIn[N], float complex dataOut[N]){
                 ~~~~~~~~~~~~~~^~~~~~~~~
../src/helloworld.c:65:6: warning: unused variable 'status' [-Wunused-variable]
  int status = DMA_Init(&AxiDMA, XPAR_AXI_DMA_0_DEVICE_ID);
      ^~~~~~
Finished building: ../src/helloworld.c
 
Building target: lab10_demo.elf
Invoking: ARM v7 gcc linker
arm-none-eabi-gcc -mcpu=cortex-a9 -mfpu=vfpv3 -mfloat-abi=hard -Wl,-build-id=none -specs=Xilinx.spec -Wl,-T -Wl,../src/lscript.ld -L../../lab10_demo_bsp/ps7_cortexa9_0/lib -o "lab10_demo.elf" ./src/helloworld.o ./src/platform.o   -Wl,--start-group,-lxil,-lgcc,-lc,--end-group
Finished building target: lab10_demo.elf
 
Invoking: ARM v7 Print Size
arm-none-eabi-size lab10_demo.elf  |tee "lab10_demo.elf.size"
   text	   data	    bss	    dec	    hex	filename
  70616	   2648	  23328	  96592	  17950	lab10_demo.elf
Finished building: lab10_demo.elf.size
 
10:36:47 **** Auto Build of configuration Debug for project lab10_demo ****
make pre-build main-build 
a9-linaro-pre-build-step
 
Building file: ../src/helloworld.c
Invoking: ARM v7 gcc compiler
arm-none-eabi-gcc -Wall -O0 -g3 -c -fmessage-length=0 -MT"src/helloworld.o" -mcpu=cortex-a9 -mfpu=vfpv3 -mfloat-abi=hard -I../../lab10_demo_bsp/ps7_cortexa9_0/include -MMD -MP -MF"src/helloworld.d" -MT"src/helloworld.o" -o "src/helloworld.o" "../src/helloworld.c"
In file included from ../src/helloworld.c:6:
../../lab10_demo_bsp/ps7_cortexa9_0/include/xtime_l.h:87:9: note: #pragma message: For the sleep routines, Global timer is being used
 #pragma message ("For the sleep routines, Global timer is being used")
         ^~~~~~~
../src/helloworld.c: In function 'bitreverse':
../src/helloworld.c:17:1: warning: label 'bit_reversal' defined but not used [-Wunused-label]
 bit_reversal: for(int i=0;i<N;i++){
 ^~~~~~~~~~~~
../src/helloworld.c: In function 'FFT_stages':
../src/helloworld.c:34:1: warning: label 'stage3' defined but not used [-Wunused-label]
 stage3: for(int i=0;i<N/2;i=i+1){
 ^~~~~~
../src/helloworld.c:28:1: warning: label 'stage2' defined but not used [-Wunused-label]
 stage2: for(int i=0;i<N;i=i+4){
 ^~~~~~
../src/helloworld.c:24:1: warning: label 'stage1' defined but not used [-Wunused-label]
 stage1: for(int i=0;i<N;i=i+2){
 ^~~~~~
../src/helloworld.c: In function 'main':
../src/helloworld.c:57:13: warning: passing argument 1 of 'bitreverse' discards 'const' qualifier from pointer target type [-Wdiscarded-qualifiers]
  bitreverse(FFT_input,FFT_rev_sw);
             ^~~~~~~~~
../src/helloworld.c:16:31: note: expected '_Complex float *' but argument is of type 'const _Complex float *'
 void bitreverse(float complex dataIn[N], float complex dataOut[N]){
                 ~~~~~~~~~~~~~~^~~~~~~~~
../src/helloworld.c:65:6: warning: variable 'status' set but not used [-Wunused-but-set-variable]
  int status;
      ^~~~~~
Finished building: ../src/helloworld.c
 
Building target: lab10_demo.elf
Invoking: ARM v7 gcc linker
arm-none-eabi-gcc -mcpu=cortex-a9 -mfpu=vfpv3 -mfloat-abi=hard -Wl,-build-id=none -specs=Xilinx.spec -Wl,-T -Wl,../src/lscript.ld -L../../lab10_demo_bsp/ps7_cortexa9_0/lib -o "lab10_demo.elf" ./src/helloworld.o ./src/platform.o   -Wl,--start-group,-lxil,-lgcc,-lc,--end-group
Finished building target: lab10_demo.elf
 
Invoking: ARM v7 Print Size
arm-none-eabi-size lab10_demo.elf  |tee "lab10_demo.elf.size"
   text	   data	    bss	    dec	    hex	filename
  70616	   2648	  23328	  96592	  17950	lab10_demo.elf
Finished building: lab10_demo.elf.size
 
18:19:09 **** Clean-only build of configuration Debug for project lab10_demo ****
make clean 
rm -rf ./src/helloworld.o ./src/platform.o ./src/helloworld.d ./src/platform.d lab10_demo.elf.size  lab10_demo.elf
 
18:19:09 **** Auto Build of configuration Debug for project lab10_demo ****
make pre-build main-build 
a9-linaro-pre-build-step
 
Building file: ../src/helloworld.c
Invoking: ARM v7 gcc compiler
arm-none-eabi-gcc -Wall -O0 -g3 -c -fmessage-length=0 -MT"src/helloworld.o" -mcpu=cortex-a9 -mfpu=vfpv3 -mfloat-abi=hard -I../../lab10_demo_bsp/ps7_cortexa9_0/include -MMD -MP -MF"src/helloworld.d" -MT"src/helloworld.o" -o "src/helloworld.o" "../src/helloworld.c"
In file included from ../src/helloworld.c:1:
../src/dma_init.h:11:14: error: unknown type name 'XAxiDma'
 int DMA_Init(XAxiDma * AxiDMA, u32 device_ID){
              ^~~~~~~
../src/dma_init.h:11:32: error: unknown type name 'u32'
 int DMA_Init(XAxiDma * AxiDMA, u32 device_ID){
                                ^~~
In file included from ../src/helloworld.c:9:
../../lab10_demo_bsp/ps7_cortexa9_0/include/xtime_l.h:87:9: note: #pragma message: For the sleep routines, Global timer is being used
 #pragma message ("For the sleep routines, Global timer is being used")
         ^~~~~~~
../src/helloworld.c: In function 'bitreverse':
../src/helloworld.c:19:1: warning: label 'bit_reversal' defined but not used [-Wunused-label]
 bit_reversal:
 ^~~~~~~~~~~~
../src/helloworld.c: In function 'FFT_stages':
../src/helloworld.c:42:1: warning: label 'stage3' defined but not used [-Wunused-label]
 stage3:
 ^~~~~~
../src/helloworld.c:34:1: warning: label 'stage2' defined but not used [-Wunused-label]
 stage2:
 ^~~~~~
../src/helloworld.c:28:1: warning: label 'stage1' defined but not used [-Wunused-label]
 stage1:
 ^~~~~~
../src/helloworld.c: In function 'main':
../src/helloworld.c:71:16: warning: passing argument 1 of 'bitreverse' discards 'const' qualifier from pointer target type [-Wdiscarded-qualifiers]
     bitreverse(FFT_input, FFT_rev_sw);
                ^~~~~~~~~
../src/helloworld.c:18:31: note: expected '_Complex float *' but argument is of type 'const _Complex float *'
 void bitreverse(float complex dataIn[N], float complex dataOut[N]) {
                 ~~~~~~~~~~~~~~^~~~~~~~~
../src/helloworld.c:81:14: warning: implicit declaration of function 'DMA_Init' [-Wimplicit-function-declaration]
     status = DMA_Init(&AxiDMA, XPAR_AXI_DMA_0_DEVICE_ID);
              ^~~~~~~~
../src/helloworld.c:79:9: warning: variable 'status' set but not used [-Wunused-but-set-variable]
     int status;
         ^~~~~~
make: *** [src/subdir.mk:26: src/helloworld.o] Error 1
19:17:16 **** Auto Build of project lab10_demo_bsp ****
make -k all 
Running Make include in ps7_cortexa9_0/libsrc/axidma_v9_9/src
make -C ps7_cortexa9_0/libsrc/axidma_v9_9/src -s include  "SHELL=/bin/sh" "COMPILER=arm-none-eabi-gcc" "ARCHIVER=arm-none-eabi-ar" "COMPILER_FLAGS=  -O2 -c" "EXTRA_COMPILER_FLAGS=-mcpu=cortex-a9 -mfpu=vfpv3 -mfloat-abi=hard -nostartfiles -g -Wall -Wextra"
Running Make include in ps7_cortexa9_0/libsrc/coresightps_dcc_v1_5/src
make -C ps7_cortexa9_0/libsrc/coresightps_dcc_v1_5/src -s include  "SHELL=/bin/sh" "COMPILER=arm-none-eabi-gcc" "ARCHIVER=arm-none-eabi-ar" "COMPILER_FLAGS=  -O2 -c" "EXTRA_COMPILER_FLAGS=-mcpu=cortex-a9 -mfpu=vfpv3 -mfloat-abi=hard -nostartfiles -g -Wall -Wextra"
Running Make include in ps7_cortexa9_0/libsrc/cpu_cortexa9_v2_7/src
make -C ps7_cortexa9_0/libsrc/cpu_cortexa9_v2_7/src -s include  "SHELL=/bin/sh" "COMPILER=arm-none-eabi-gcc" "ARCHIVER=arm-none-eabi-ar" "COMPILER_FLAGS=  -O2 -c" "EXTRA_COMPILER_FLAGS=-mcpu=cortex-a9 -mfpu=vfpv3 -mfloat-abi=hard -nostartfiles -g -Wall -Wextra"
Running Make include in ps7_cortexa9_0/libsrc/ddrps_v1_0/src
make -C ps7_cortexa9_0/libsrc/ddrps_v1_0/src -s include  "SHELL=/bin/sh" "COMPILER=arm-none-eabi-gcc" "ARCHIVER=arm-none-eabi-ar" "COMPILER_FLAGS=  -O2 -c" "EXTRA_COMPILER_FLAGS=-mcpu=cortex-a9 -mfpu=vfpv3 -mfloat-abi=hard -nostartfiles -g -Wall -Wextra"
Running Make include in ps7_cortexa9_0/libsrc/devcfg_v3_5/src
make -C ps7_cortexa9_0/libsrc/devcfg_v3_5/src -s include  "SHELL=/bin/sh" "COMPILER=arm-none-eabi-gcc" "ARCHIVER=arm-none-eabi-ar" "COMPILER_FLAGS=  -O2 -c" "EXTRA_COMPILER_FLAGS=-mcpu=cortex-a9 -mfpu=vfpv3 -mfloat-abi=hard -nostartfiles -g -Wall -Wextra"
Running Make include in ps7_cortexa9_0/libsrc/dmaps_v2_4/src
make -C ps7_cortexa9_0/libsrc/dmaps_v2_4/src -s include  "SHELL=/bin/sh" "COMPILER=arm-none-eabi-gcc" "ARCHIVER=arm-none-eabi-ar" "COMPILER_FLAGS=  -O2 -c" "EXTRA_COMPILER_FLAGS=-mcpu=cortex-a9 -mfpu=vfpv3 -mfloat-abi=hard -nostartfiles -g -Wall -Wextra"
Running Make include in ps7_cortexa9_0/libsrc/gpiops_v3_5/src
make -C ps7_cortexa9_0/libsrc/gpiops_v3_5/src -s include  "SHELL=/bin/sh" "COMPILER=arm-none-eabi-gcc" "ARCHIVER=arm-none-eabi-ar" "COMPILER_FLAGS=  -O2 -c" "EXTRA_COMPILER_FLAGS=-mcpu=cortex-a9 -mfpu=vfpv3 -mfloat-abi=hard -nostartfiles -g -Wall -Wextra"
Running Make include in ps7_cortexa9_0/libsrc/scugic_v4_0/src
make -C ps7_cortexa9_0/libsrc/scugic_v4_0/src -s include  "SHELL=/bin/sh" "COMPILER=arm-none-eabi-gcc" "ARCHIVER=arm-none-eabi-ar" "COMPILER_FLAGS=  -O2 -c" "EXTRA_COMPILER_FLAGS=-mcpu=cortex-a9 -mfpu=vfpv3 -mfloat-abi=hard -nostartfiles -g -Wall -Wextra"
Running Make include in ps7_cortexa9_0/libsrc/scutimer_v2_1/src
make -C ps7_cortexa9_0/libsrc/scutimer_v2_1/src -s include  "SHELL=/bin/sh" "COMPILER=arm-none-eabi-gcc" "ARCHIVER=arm-none-eabi-ar" "COMPILER_FLAGS=  -O2 -c" "EXTRA_COMPILER_FLAGS=-mcpu=cortex-a9 -mfpu=vfpv3 -mfloat-abi=hard -nostartfiles -g -Wall -Wextra"
Running Make include in ps7_cortexa9_0/libsrc/scuwdt_v2_1/src
make -C ps7_cortexa9_0/libsrc/scuwdt_v2_1/src -s include  "SHELL=/bin/sh" "COMPILER=arm-none-eabi-gcc" "ARCHIVER=arm-none-eabi-ar" "COMPILER_FLAGS=  -O2 -c" "EXTRA_COMPILER_FLAGS=-mcpu=cortex-a9 -mfpu=vfpv3 -mfloat-abi=hard -nostartfiles -g -Wall -Wextra"
Running Make include in ps7_cortexa9_0/libsrc/standalone_v7_0/src
make -C ps7_cortexa9_0/libsrc/standalone_v7_0/src -s include  "SHELL=/bin/sh" "COMPILER=arm-none-eabi-gcc" "ARCHIVER=arm-none-eabi-ar" "COMPILER_FLAGS=  -O2 -c" "EXTRA_COMPILER_FLAGS=-mcpu=cortex-a9 -mfpu=vfpv3 -mfloat-abi=hard -nostartfiles -g -Wall -Wextra"
Running Make include in ps7_cortexa9_0/libsrc/uartps_v3_7/src
make -C ps7_cortexa9_0/libsrc/uartps_v3_7/src -s include  "SHELL=/bin/sh" "COMPILER=arm-none-eabi-gcc" "ARCHIVER=arm-none-eabi-ar" "COMPILER_FLAGS=  -O2 -c" "EXTRA_COMPILER_FLAGS=-mcpu=cortex-a9 -mfpu=vfpv3 -mfloat-abi=hard -nostartfiles -g -Wall -Wextra"
Running Make include in ps7_cortexa9_0/libsrc/xadcps_v2_3/src
make -C ps7_cortexa9_0/libsrc/xadcps_v2_3/src -s include  "SHELL=/bin/sh" "COMPILER=arm-none-eabi-gcc" "ARCHIVER=arm-none-eabi-ar" "COMPILER_FLAGS=  -O2 -c" "EXTRA_COMPILER_FLAGS=-mcpu=cortex-a9 -mfpu=vfpv3 -mfloat-abi=hard -nostartfiles -g -Wall -Wextra"
Running Make libs in ps7_cortexa9_0/libsrc/axidma_v9_9/src
make -C ps7_cortexa9_0/libsrc/axidma_v9_9/src -s libs  "SHELL=/bin/sh" "COMPILER=arm-none-eabi-gcc" "ARCHIVER=arm-none-eabi-ar" "COMPILER_FLAGS=  -O2 -c" "EXTRA_COMPILER_FLAGS=-mcpu=cortex-a9 -mfpu=vfpv3 -mfloat-abi=hard -nostartfiles -g -Wall -Wextra"
Compiling axidma
arm-none-eabi-ar: creating ../../../lib/libxil.a
Running Make libs in ps7_cortexa9_0/libsrc/coresightps_dcc_v1_5/src
make -C ps7_cortexa9_0/libsrc/coresightps_dcc_v1_5/src -s libs  "SHELL=/bin/sh" "COMPILER=arm-none-eabi-gcc" "ARCHIVER=arm-none-eabi-ar" "COMPILER_FLAGS=  -O2 -c" "EXTRA_COMPILER_FLAGS=-mcpu=cortex-a9 -mfpu=vfpv3 -mfloat-abi=hard -nostartfiles -g -Wall -Wextra"
Compiling coresightps_dcc
Running Make libs in ps7_cortexa9_0/libsrc/cpu_cortexa9_v2_7/src
make -C ps7_cortexa9_0/libsrc/cpu_cortexa9_v2_7/src -s libs  "SHELL=/bin/sh" "COMPILER=arm-none-eabi-gcc" "ARCHIVER=arm-none-eabi-ar" "COMPILER_FLAGS=  -O2 -c" "EXTRA_COMPILER_FLAGS=-mcpu=cortex-a9 -mfpu=vfpv3 -mfloat-abi=hard -nostartfiles -g -Wall -Wextra"
Compiling cpu_cortexa9
Running Make libs in ps7_cortexa9_0/libsrc/ddrps_v1_0/src
make -C ps7_cortexa9_0/libsrc/ddrps_v1_0/src -s libs  "SHELL=/bin/sh" "COMPILER=arm-none-eabi-gcc" "ARCHIVER=arm-none-eabi-ar" "COMPILER_FLAGS=  -O2 -c" "EXTRA_COMPILER_FLAGS=-mcpu=cortex-a9 -mfpu=vfpv3 -mfloat-abi=hard -nostartfiles -g -Wall -Wextra"
Compiling ddrps
Running Make libs in ps7_cortexa9_0/libsrc/devcfg_v3_5/src
make -C ps7_cortexa9_0/libsrc/devcfg_v3_5/src -s libs  "SHELL=/bin/sh" "COMPILER=arm-none-eabi-gcc" "ARCHIVER=arm-none-eabi-ar" "COMPILER_FLAGS=  -O2 -c" "EXTRA_COMPILER_FLAGS=-mcpu=cortex-a9 -mfpu=vfpv3 -mfloat-abi=hard -nostartfiles -g -Wall -Wextra"
Compiling devcfg
Running Make libs in ps7_cortexa9_0/libsrc/dmaps_v2_4/src
make -C ps7_cortexa9_0/libsrc/dmaps_v2_4/src -s libs  "SHELL=/bin/sh" "COMPILER=arm-none-eabi-gcc" "ARCHIVER=arm-none-eabi-ar" "COMPILER_FLAGS=  -O2 -c" "EXTRA_COMPILER_FLAGS=-mcpu=cortex-a9 -mfpu=vfpv3 -mfloat-abi=hard -nostartfiles -g -Wall -Wextra"
Compiling dmaps
Running Make libs in ps7_cortexa9_0/libsrc/gpiops_v3_5/src
make -C ps7_cortexa9_0/libsrc/gpiops_v3_5/src -s libs  "SHELL=/bin/sh" "COMPILER=arm-none-eabi-gcc" "ARCHIVER=arm-none-eabi-ar" "COMPILER_FLAGS=  -O2 -c" "EXTRA_COMPILER_FLAGS=-mcpu=cortex-a9 -mfpu=vfpv3 -mfloat-abi=hard -nostartfiles -g -Wall -Wextra"
Compiling gpiops
Running Make libs in ps7_cortexa9_0/libsrc/scugic_v4_0/src
make -C ps7_cortexa9_0/libsrc/scugic_v4_0/src -s libs  "SHELL=/bin/sh" "COMPILER=arm-none-eabi-gcc" "ARCHIVER=arm-none-eabi-ar" "COMPILER_FLAGS=  -O2 -c" "EXTRA_COMPILER_FLAGS=-mcpu=cortex-a9 -mfpu=vfpv3 -mfloat-abi=hard -nostartfiles -g -Wall -Wextra"
Compiling scugic
Running Make libs in ps7_cortexa9_0/libsrc/scutimer_v2_1/src
make -C ps7_cortexa9_0/libsrc/scutimer_v2_1/src -s libs  "SHELL=/bin/sh" "COMPILER=arm-none-eabi-gcc" "ARCHIVER=arm-none-eabi-ar" "COMPILER_FLAGS=  -O2 -c" "EXTRA_COMPILER_FLAGS=-mcpu=cortex-a9 -mfpu=vfpv3 -mfloat-abi=hard -nostartfiles -g -Wall -Wextra"
Compiling scutimer
Running Make libs in ps7_cortexa9_0/libsrc/scuwdt_v2_1/src
make -C ps7_cortexa9_0/libsrc/scuwdt_v2_1/src -s libs  "SHELL=/bin/sh" "COMPILER=arm-none-eabi-gcc" "ARCHIVER=arm-none-eabi-ar" "COMPILER_FLAGS=  -O2 -c" "EXTRA_COMPILER_FLAGS=-mcpu=cortex-a9 -mfpu=vfpv3 -mfloat-abi=hard -nostartfiles -g -Wall -Wextra"
Compiling scuwdt
Running Make libs in ps7_cortexa9_0/libsrc/standalone_v7_0/src
make -C ps7_cortexa9_0/libsrc/standalone_v7_0/src -s libs  "SHELL=/bin/sh" "COMPILER=arm-none-eabi-gcc" "ARCHIVER=arm-none-eabi-ar" "COMPILER_FLAGS=  -O2 -c" "EXTRA_COMPILER_FLAGS=-mcpu=cortex-a9 -mfpu=vfpv3 -mfloat-abi=hard -nostartfiles -g -Wall -Wextra"
Compiling standalone
In file included from sleep.c:53:
xtime_l.h:87:9: note: #pragma message: For the sleep routines, Global timer is being used
 #pragma message ("For the sleep routines, Global timer is being used")
         ^~~~~~~
In file included from usleep.c:56:
xtime_l.h:87:9: note: #pragma message: For the sleep routines, Global timer is being used
 #pragma message ("For the sleep routines, Global timer is being used")
         ^~~~~~~
In file included from xil_sleeptimer.c:51:
xtime_l.h:87:9: note: #pragma message: For the sleep routines, Global timer is being used
 #pragma message ("For the sleep routines, Global timer is being used")
         ^~~~~~~
In file included from xtime_l.c:49:
xtime_l.h:87:9: note: #pragma message: For the sleep routines, Global timer is being used
 #pragma message ("For the sleep routines, Global timer is being used")
         ^~~~~~~
Running Make libs in ps7_cortexa9_0/libsrc/uartps_v3_7/src
make -C ps7_cortexa9_0/libsrc/uartps_v3_7/src -s libs  "SHELL=/bin/sh" "COMPILER=arm-none-eabi-gcc" "ARCHIVER=arm-none-eabi-ar" "COMPILER_FLAGS=  -O2 -c" "EXTRA_COMPILER_FLAGS=-mcpu=cortex-a9 -mfpu=vfpv3 -mfloat-abi=hard -nostartfiles -g -Wall -Wextra"
Compiling uartps
Running Make libs in ps7_cortexa9_0/libsrc/xadcps_v2_3/src
make -C ps7_cortexa9_0/libsrc/xadcps_v2_3/src -s libs  "SHELL=/bin/sh" "COMPILER=arm-none-eabi-gcc" "ARCHIVER=arm-none-eabi-ar" "COMPILER_FLAGS=  -O2 -c" "EXTRA_COMPILER_FLAGS=-mcpu=cortex-a9 -mfpu=vfpv3 -mfloat-abi=hard -nostartfiles -g -Wall -Wextra"
Compiling xadcps
Finished building libraries
19:17:21 **** Auto Build of configuration Debug for project lab10_demo ****
make pre-build main-build 
a9-linaro-pre-build-step
 
Building file: ../src/helloworld.c
Invoking: ARM v7 gcc compiler
arm-none-eabi-gcc -Wall -O0 -g3 -c -fmessage-length=0 -MT"src/helloworld.o" -mcpu=cortex-a9 -mfpu=vfpv3 -mfloat-abi=hard -I../../lab10_demo_bsp/ps7_cortexa9_0/include -MMD -MP -MF"src/helloworld.d" -MT"src/helloworld.o" -o "src/helloworld.o" "../src/helloworld.c"
In file included from ../src/helloworld.c:1:
../src/dma_init.h:11:14: error: unknown type name 'XAxiDma'
 int DMA_Init(XAxiDma * AxiDMA, u32 device_ID){
              ^~~~~~~
../src/dma_init.h:11:32: error: unknown type name 'u32'
 int DMA_Init(XAxiDma * AxiDMA, u32 device_ID){
                                ^~~
In file included from ../src/helloworld.c:9:
../../lab10_demo_bsp/ps7_cortexa9_0/include/xtime_l.h:87:9: note: #pragma message: For the sleep routines, Global timer is being used
 #pragma message ("For the sleep routines, Global timer is being used")
         ^~~~~~~
../src/helloworld.c: In function 'bitreverse':
../src/helloworld.c:19:1: warning: label 'bit_reversal' defined but not used [-Wunused-label]
 bit_reversal:
 ^~~~~~~~~~~~
../src/helloworld.c: In function 'FFT_stages':
../src/helloworld.c:42:1: warning: label 'stage3' defined but not used [-Wunused-label]
 stage3:
 ^~~~~~
../src/helloworld.c:34:1: warning: label 'stage2' defined but not used [-Wunused-label]
 stage2:
 ^~~~~~
../src/helloworld.c:28:1: warning: label 'stage1' defined but not used [-Wunused-label]
 stage1:
 ^~~~~~
../src/helloworld.c: In function 'main':
../src/helloworld.c:71:16: warning: passing argument 1 of 'bitreverse' discards 'const' qualifier from pointer target type [-Wdiscarded-qualifiers]
     bitreverse(FFT_input, FFT_rev_sw);
                ^~~~~~~~~
../src/helloworld.c:18:31: note: expected '_Complex float *' but argument is of type 'const _Complex float *'
 void bitreverse(float complex dataIn[N], float complex dataOut[N]) {
                 ~~~~~~~~~~~~~~^~~~~~~~~
../src/helloworld.c:81:14: warning: implicit declaration of function 'DMA_Init' [-Wimplicit-function-declaration]
     status = DMA_Init(&AxiDMA, XPAR_AXI_DMA_0_DEVICE_ID);
              ^~~~~~~~
../src/helloworld.c:79:9: warning: variable 'status' set but not used [-Wunused-but-set-variable]
     int status;
         ^~~~~~
make: *** [src/subdir.mk:26: src/helloworld.o] Error 1
19:37:40 **** Auto Build of project lab10_demo_bsp ****
make -k all 
Running Make include in ps7_cortexa9_0/libsrc/axidma_v9_9/src
make -C ps7_cortexa9_0/libsrc/axidma_v9_9/src -s include  "SHELL=/bin/sh" "COMPILER=arm-none-eabi-gcc" "ARCHIVER=arm-none-eabi-ar" "COMPILER_FLAGS=  -O2 -c" "EXTRA_COMPILER_FLAGS=-mcpu=cortex-a9 -mfpu=vfpv3 -mfloat-abi=hard -nostartfiles -g -Wall -Wextra"
Running Make include in ps7_cortexa9_0/libsrc/coresightps_dcc_v1_5/src
make -C ps7_cortexa9_0/libsrc/coresightps_dcc_v1_5/src -s include  "SHELL=/bin/sh" "COMPILER=arm-none-eabi-gcc" "ARCHIVER=arm-none-eabi-ar" "COMPILER_FLAGS=  -O2 -c" "EXTRA_COMPILER_FLAGS=-mcpu=cortex-a9 -mfpu=vfpv3 -mfloat-abi=hard -nostartfiles -g -Wall -Wextra"
Running Make include in ps7_cortexa9_0/libsrc/cpu_cortexa9_v2_7/src
make -C ps7_cortexa9_0/libsrc/cpu_cortexa9_v2_7/src -s include  "SHELL=/bin/sh" "COMPILER=arm-none-eabi-gcc" "ARCHIVER=arm-none-eabi-ar" "COMPILER_FLAGS=  -O2 -c" "EXTRA_COMPILER_FLAGS=-mcpu=cortex-a9 -mfpu=vfpv3 -mfloat-abi=hard -nostartfiles -g -Wall -Wextra"
Running Make include in ps7_cortexa9_0/libsrc/ddrps_v1_0/src
make -C ps7_cortexa9_0/libsrc/ddrps_v1_0/src -s include  "SHELL=/bin/sh" "COMPILER=arm-none-eabi-gcc" "ARCHIVER=arm-none-eabi-ar" "COMPILER_FLAGS=  -O2 -c" "EXTRA_COMPILER_FLAGS=-mcpu=cortex-a9 -mfpu=vfpv3 -mfloat-abi=hard -nostartfiles -g -Wall -Wextra"
Running Make include in ps7_cortexa9_0/libsrc/devcfg_v3_5/src
make -C ps7_cortexa9_0/libsrc/devcfg_v3_5/src -s include  "SHELL=/bin/sh" "COMPILER=arm-none-eabi-gcc" "ARCHIVER=arm-none-eabi-ar" "COMPILER_FLAGS=  -O2 -c" "EXTRA_COMPILER_FLAGS=-mcpu=cortex-a9 -mfpu=vfpv3 -mfloat-abi=hard -nostartfiles -g -Wall -Wextra"
Running Make include in ps7_cortexa9_0/libsrc/dmaps_v2_4/src
make -C ps7_cortexa9_0/libsrc/dmaps_v2_4/src -s include  "SHELL=/bin/sh" "COMPILER=arm-none-eabi-gcc" "ARCHIVER=arm-none-eabi-ar" "COMPILER_FLAGS=  -O2 -c" "EXTRA_COMPILER_FLAGS=-mcpu=cortex-a9 -mfpu=vfpv3 -mfloat-abi=hard -nostartfiles -g -Wall -Wextra"
Running Make include in ps7_cortexa9_0/libsrc/gpiops_v3_5/src
make -C ps7_cortexa9_0/libsrc/gpiops_v3_5/src -s include  "SHELL=/bin/sh" "COMPILER=arm-none-eabi-gcc" "ARCHIVER=arm-none-eabi-ar" "COMPILER_FLAGS=  -O2 -c" "EXTRA_COMPILER_FLAGS=-mcpu=cortex-a9 -mfpu=vfpv3 -mfloat-abi=hard -nostartfiles -g -Wall -Wextra"
Running Make include in ps7_cortexa9_0/libsrc/scugic_v4_0/src
make -C ps7_cortexa9_0/libsrc/scugic_v4_0/src -s include  "SHELL=/bin/sh" "COMPILER=arm-none-eabi-gcc" "ARCHIVER=arm-none-eabi-ar" "COMPILER_FLAGS=  -O2 -c" "EXTRA_COMPILER_FLAGS=-mcpu=cortex-a9 -mfpu=vfpv3 -mfloat-abi=hard -nostartfiles -g -Wall -Wextra"
Running Make include in ps7_cortexa9_0/libsrc/scutimer_v2_1/src
make -C ps7_cortexa9_0/libsrc/scutimer_v2_1/src -s include  "SHELL=/bin/sh" "COMPILER=arm-none-eabi-gcc" "ARCHIVER=arm-none-eabi-ar" "COMPILER_FLAGS=  -O2 -c" "EXTRA_COMPILER_FLAGS=-mcpu=cortex-a9 -mfpu=vfpv3 -mfloat-abi=hard -nostartfiles -g -Wall -Wextra"
Running Make include in ps7_cortexa9_0/libsrc/scuwdt_v2_1/src
make -C ps7_cortexa9_0/libsrc/scuwdt_v2_1/src -s include  "SHELL=/bin/sh" "COMPILER=arm-none-eabi-gcc" "ARCHIVER=arm-none-eabi-ar" "COMPILER_FLAGS=  -O2 -c" "EXTRA_COMPILER_FLAGS=-mcpu=cortex-a9 -mfpu=vfpv3 -mfloat-abi=hard -nostartfiles -g -Wall -Wextra"
Running Make include in ps7_cortexa9_0/libsrc/standalone_v7_0/src
make -C ps7_cortexa9_0/libsrc/standalone_v7_0/src -s include  "SHELL=/bin/sh" "COMPILER=arm-none-eabi-gcc" "ARCHIVER=arm-none-eabi-ar" "COMPILER_FLAGS=  -O2 -c" "EXTRA_COMPILER_FLAGS=-mcpu=cortex-a9 -mfpu=vfpv3 -mfloat-abi=hard -nostartfiles -g -Wall -Wextra"
Running Make include in ps7_cortexa9_0/libsrc/uartps_v3_7/src
make -C ps7_cortexa9_0/libsrc/uartps_v3_7/src -s include  "SHELL=/bin/sh" "COMPILER=arm-none-eabi-gcc" "ARCHIVER=arm-none-eabi-ar" "COMPILER_FLAGS=  -O2 -c" "EXTRA_COMPILER_FLAGS=-mcpu=cortex-a9 -mfpu=vfpv3 -mfloat-abi=hard -nostartfiles -g -Wall -Wextra"
Running Make include in ps7_cortexa9_0/libsrc/xadcps_v2_3/src
make -C ps7_cortexa9_0/libsrc/xadcps_v2_3/src -s include  "SHELL=/bin/sh" "COMPILER=arm-none-eabi-gcc" "ARCHIVER=arm-none-eabi-ar" "COMPILER_FLAGS=  -O2 -c" "EXTRA_COMPILER_FLAGS=-mcpu=cortex-a9 -mfpu=vfpv3 -mfloat-abi=hard -nostartfiles -g -Wall -Wextra"
Running Make libs in ps7_cortexa9_0/libsrc/axidma_v9_9/src
make -C ps7_cortexa9_0/libsrc/axidma_v9_9/src -s libs  "SHELL=/bin/sh" "COMPILER=arm-none-eabi-gcc" "ARCHIVER=arm-none-eabi-ar" "COMPILER_FLAGS=  -O2 -c" "EXTRA_COMPILER_FLAGS=-mcpu=cortex-a9 -mfpu=vfpv3 -mfloat-abi=hard -nostartfiles -g -Wall -Wextra"
Compiling axidma
arm-none-eabi-ar: creating ../../../lib/libxil.a
Running Make libs in ps7_cortexa9_0/libsrc/coresightps_dcc_v1_5/src
make -C ps7_cortexa9_0/libsrc/coresightps_dcc_v1_5/src -s libs  "SHELL=/bin/sh" "COMPILER=arm-none-eabi-gcc" "ARCHIVER=arm-none-eabi-ar" "COMPILER_FLAGS=  -O2 -c" "EXTRA_COMPILER_FLAGS=-mcpu=cortex-a9 -mfpu=vfpv3 -mfloat-abi=hard -nostartfiles -g -Wall -Wextra"
Compiling coresightps_dcc
Running Make libs in ps7_cortexa9_0/libsrc/cpu_cortexa9_v2_7/src
make -C ps7_cortexa9_0/libsrc/cpu_cortexa9_v2_7/src -s libs  "SHELL=/bin/sh" "COMPILER=arm-none-eabi-gcc" "ARCHIVER=arm-none-eabi-ar" "COMPILER_FLAGS=  -O2 -c" "EXTRA_COMPILER_FLAGS=-mcpu=cortex-a9 -mfpu=vfpv3 -mfloat-abi=hard -nostartfiles -g -Wall -Wextra"
Compiling cpu_cortexa9
Running Make libs in ps7_cortexa9_0/libsrc/ddrps_v1_0/src
make -C ps7_cortexa9_0/libsrc/ddrps_v1_0/src -s libs  "SHELL=/bin/sh" "COMPILER=arm-none-eabi-gcc" "ARCHIVER=arm-none-eabi-ar" "COMPILER_FLAGS=  -O2 -c" "EXTRA_COMPILER_FLAGS=-mcpu=cortex-a9 -mfpu=vfpv3 -mfloat-abi=hard -nostartfiles -g -Wall -Wextra"
Compiling ddrps
Running Make libs in ps7_cortexa9_0/libsrc/devcfg_v3_5/src
make -C ps7_cortexa9_0/libsrc/devcfg_v3_5/src -s libs  "SHELL=/bin/sh" "COMPILER=arm-none-eabi-gcc" "ARCHIVER=arm-none-eabi-ar" "COMPILER_FLAGS=  -O2 -c" "EXTRA_COMPILER_FLAGS=-mcpu=cortex-a9 -mfpu=vfpv3 -mfloat-abi=hard -nostartfiles -g -Wall -Wextra"
Compiling devcfg
Running Make libs in ps7_cortexa9_0/libsrc/dmaps_v2_4/src
make -C ps7_cortexa9_0/libsrc/dmaps_v2_4/src -s libs  "SHELL=/bin/sh" "COMPILER=arm-none-eabi-gcc" "ARCHIVER=arm-none-eabi-ar" "COMPILER_FLAGS=  -O2 -c" "EXTRA_COMPILER_FLAGS=-mcpu=cortex-a9 -mfpu=vfpv3 -mfloat-abi=hard -nostartfiles -g -Wall -Wextra"
Compiling dmaps
Running Make libs in ps7_cortexa9_0/libsrc/gpiops_v3_5/src
make -C ps7_cortexa9_0/libsrc/gpiops_v3_5/src -s libs  "SHELL=/bin/sh" "COMPILER=arm-none-eabi-gcc" "ARCHIVER=arm-none-eabi-ar" "COMPILER_FLAGS=  -O2 -c" "EXTRA_COMPILER_FLAGS=-mcpu=cortex-a9 -mfpu=vfpv3 -mfloat-abi=hard -nostartfiles -g -Wall -Wextra"
Compiling gpiops
Running Make libs in ps7_cortexa9_0/libsrc/scugic_v4_0/src
make -C ps7_cortexa9_0/libsrc/scugic_v4_0/src -s libs  "SHELL=/bin/sh" "COMPILER=arm-none-eabi-gcc" "ARCHIVER=arm-none-eabi-ar" "COMPILER_FLAGS=  -O2 -c" "EXTRA_COMPILER_FLAGS=-mcpu=cortex-a9 -mfpu=vfpv3 -mfloat-abi=hard -nostartfiles -g -Wall -Wextra"
Compiling scugic
Running Make libs in ps7_cortexa9_0/libsrc/scutimer_v2_1/src
make -C ps7_cortexa9_0/libsrc/scutimer_v2_1/src -s libs  "SHELL=/bin/sh" "COMPILER=arm-none-eabi-gcc" "ARCHIVER=arm-none-eabi-ar" "COMPILER_FLAGS=  -O2 -c" "EXTRA_COMPILER_FLAGS=-mcpu=cortex-a9 -mfpu=vfpv3 -mfloat-abi=hard -nostartfiles -g -Wall -Wextra"
Compiling scutimer
Running Make libs in ps7_cortexa9_0/libsrc/scuwdt_v2_1/src
make -C ps7_cortexa9_0/libsrc/scuwdt_v2_1/src -s libs  "SHELL=/bin/sh" "COMPILER=arm-none-eabi-gcc" "ARCHIVER=arm-none-eabi-ar" "COMPILER_FLAGS=  -O2 -c" "EXTRA_COMPILER_FLAGS=-mcpu=cortex-a9 -mfpu=vfpv3 -mfloat-abi=hard -nostartfiles -g -Wall -Wextra"
Compiling scuwdt
Running Make libs in ps7_cortexa9_0/libsrc/standalone_v7_0/src
make -C ps7_cortexa9_0/libsrc/standalone_v7_0/src -s libs  "SHELL=/bin/sh" "COMPILER=arm-none-eabi-gcc" "ARCHIVER=arm-none-eabi-ar" "COMPILER_FLAGS=  -O2 -c" "EXTRA_COMPILER_FLAGS=-mcpu=cortex-a9 -mfpu=vfpv3 -mfloat-abi=hard -nostartfiles -g -Wall -Wextra"
Compiling standalone
In file included from sleep.c:53:
xtime_l.h:87:9: note: #pragma message: For the sleep routines, Global timer is being used
 #pragma message ("For the sleep routines, Global timer is being used")
         ^~~~~~~
In file included from usleep.c:56:
xtime_l.h:87:9: note: #pragma message: For the sleep routines, Global timer is being used
 #pragma message ("For the sleep routines, Global timer is being used")
         ^~~~~~~
In file included from xil_sleeptimer.c:51:
xtime_l.h:87:9: note: #pragma message: For the sleep routines, Global timer is being used
 #pragma message ("For the sleep routines, Global timer is being used")
         ^~~~~~~
In file included from xtime_l.c:49:
xtime_l.h:87:9: note: #pragma message: For the sleep routines, Global timer is being used
 #pragma message ("For the sleep routines, Global timer is being used")
         ^~~~~~~
Running Make libs in ps7_cortexa9_0/libsrc/uartps_v3_7/src
make -C ps7_cortexa9_0/libsrc/uartps_v3_7/src -s libs  "SHELL=/bin/sh" "COMPILER=arm-none-eabi-gcc" "ARCHIVER=arm-none-eabi-ar" "COMPILER_FLAGS=  -O2 -c" "EXTRA_COMPILER_FLAGS=-mcpu=cortex-a9 -mfpu=vfpv3 -mfloat-abi=hard -nostartfiles -g -Wall -Wextra"
Compiling uartps
Running Make libs in ps7_cortexa9_0/libsrc/xadcps_v2_3/src
make -C ps7_cortexa9_0/libsrc/xadcps_v2_3/src -s libs  "SHELL=/bin/sh" "COMPILER=arm-none-eabi-gcc" "ARCHIVER=arm-none-eabi-ar" "COMPILER_FLAGS=  -O2 -c" "EXTRA_COMPILER_FLAGS=-mcpu=cortex-a9 -mfpu=vfpv3 -mfloat-abi=hard -nostartfiles -g -Wall -Wextra"
Compiling xadcps
Finished building libraries
19:37:45 **** Auto Build of configuration Debug for project lab10_demo ****
make pre-build main-build 
a9-linaro-pre-build-step
 
Building file: ../src/helloworld.c
Invoking: ARM v7 gcc compiler
arm-none-eabi-gcc -Wall -O0 -g3 -c -fmessage-length=0 -MT"src/helloworld.o" -mcpu=cortex-a9 -mfpu=vfpv3 -mfloat-abi=hard -I../../lab10_demo_bsp/ps7_cortexa9_0/include -MMD -MP -MF"src/helloworld.d" -MT"src/helloworld.o" -o "src/helloworld.o" "../src/helloworld.c"
In file included from ../src/helloworld.c:1:
../src/dma_init.h:11:14: error: unknown type name 'XAxiDma'
 int DMA_Init(XAxiDma * AxiDMA, u32 device_ID){
              ^~~~~~~
../src/dma_init.h:11:32: error: unknown type name 'u32'
 int DMA_Init(XAxiDma * AxiDMA, u32 device_ID){
                                ^~~
In file included from ../src/helloworld.c:9:
../../lab10_demo_bsp/ps7_cortexa9_0/include/xtime_l.h:87:9: note: #pragma message: For the sleep routines, Global timer is being used
 #pragma message ("For the sleep routines, Global timer is being used")
         ^~~~~~~
../src/helloworld.c: In function 'bitreverse':
../src/helloworld.c:19:1: warning: label 'bit_reversal' defined but not used [-Wunused-label]
 bit_reversal:
 ^~~~~~~~~~~~
../src/helloworld.c: In function 'FFT_stages':
../src/helloworld.c:42:1: warning: label 'stage3' defined but not used [-Wunused-label]
 stage3:
 ^~~~~~
../src/helloworld.c:34:1: warning: label 'stage2' defined but not used [-Wunused-label]
 stage2:
 ^~~~~~
../src/helloworld.c:28:1: warning: label 'stage1' defined but not used [-Wunused-label]
 stage1:
 ^~~~~~
../src/helloworld.c: In function 'main':
../src/helloworld.c:71:16: warning: passing argument 1 of 'bitreverse' discards 'const' qualifier from pointer target type [-Wdiscarded-qualifiers]
     bitreverse(FFT_input, FFT_rev_sw);
                ^~~~~~~~~
../src/helloworld.c:18:31: note: expected '_Complex float *' but argument is of type 'const _Complex float *'
 void bitreverse(float complex dataIn[N], float complex dataOut[N]) {
                 ~~~~~~~~~~~~~~^~~~~~~~~
../src/helloworld.c:81:14: warning: implicit declaration of function 'DMA_Init' [-Wimplicit-function-declaration]
     status = DMA_Init(&AxiDMA, XPAR_AXI_DMA_0_DEVICE_ID);
              ^~~~~~~~
../src/helloworld.c:79:9: warning: variable 'status' set but not used [-Wunused-but-set-variable]
     int status;
         ^~~~~~
make: *** [src/subdir.mk:26: src/helloworld.o] Error 1
19:38:57 **** Auto Build of configuration Debug for project lab10_demo ****
make pre-build main-build 
a9-linaro-pre-build-step
 
Building file: ../src/helloworld.c
Invoking: ARM v7 gcc compiler
arm-none-eabi-gcc -Wall -O0 -g3 -c -fmessage-length=0 -MT"src/helloworld.o" -mcpu=cortex-a9 -mfpu=vfpv3 -mfloat-abi=hard -I../../lab10_demo_bsp/ps7_cortexa9_0/include -MMD -MP -MF"src/helloworld.d" -MT"src/helloworld.o" -o "src/helloworld.o" "../src/helloworld.c"
In file included from ../src/helloworld.c:1:
../src/dma_init.h:1:14: error: unknown type name 'XAxiDma'
 int DMA_Init(XAxiDma * AxiDMA, uint32 device_ID){
              ^~~~~~~
../src/dma_init.h:1:32: error: unknown type name 'uint32'; did you mean 'int'?
 int DMA_Init(XAxiDma * AxiDMA, uint32 device_ID){
                                ^~~~~~
                                int
In file included from ../src/helloworld.c:9:
../../lab10_demo_bsp/ps7_cortexa9_0/include/xtime_l.h:87:9: note: #pragma message: For the sleep routines, Global timer is being used
 #pragma message ("For the sleep routines, Global timer is being used")
         ^~~~~~~
../src/helloworld.c: In function 'bitreverse':
../src/helloworld.c:19:1: warning: label 'bit_reversal' defined but not used [-Wunused-label]
 bit_reversal:
 ^~~~~~~~~~~~
../src/helloworld.c: In function 'FFT_stages':
../src/helloworld.c:42:1: warning: label 'stage3' defined but not used [-Wunused-label]
 stage3:
 ^~~~~~
../src/helloworld.c:34:1: warning: label 'stage2' defined but not used [-Wunused-label]
 stage2:
 ^~~~~~
../src/helloworld.c:28:1: warning: label 'stage1' defined but not used [-Wunused-label]
 stage1:
 ^~~~~~
../src/helloworld.c: In function 'main':
../src/helloworld.c:71:16: warning: passing argument 1 of 'bitreverse' discards 'const' qualifier from pointer target type [-Wdiscarded-qualifiers]
     bitreverse(FFT_input, FFT_rev_sw);
                ^~~~~~~~~
../src/helloworld.c:18:31: note: expected '_Complex float *' but argument is of type 'const _Complex float *'
 void bitreverse(float complex dataIn[N], float complex dataOut[N]) {
                 ~~~~~~~~~~~~~~^~~~~~~~~
../src/helloworld.c:81:14: warning: implicit declaration of function 'DMA_Init' [-Wimplicit-function-declaration]
     status = DMA_Init(&AxiDMA, XPAR_AXI_DMA_0_DEVICE_ID);
              ^~~~~~~~
../src/helloworld.c:79:9: warning: variable 'status' set but not used [-Wunused-but-set-variable]
     int status;
         ^~~~~~
make: *** [src/subdir.mk:26: src/helloworld.o] Error 1
19:39:13 **** Auto Build of configuration Debug for project lab10_demo ****
make pre-build main-build 
a9-linaro-pre-build-step
 
Building file: ../src/helloworld.c
Invoking: ARM v7 gcc compiler
arm-none-eabi-gcc -Wall -O0 -g3 -c -fmessage-length=0 -MT"src/helloworld.o" -mcpu=cortex-a9 -mfpu=vfpv3 -mfloat-abi=hard -I../../lab10_demo_bsp/ps7_cortexa9_0/include -MMD -MP -MF"src/helloworld.d" -MT"src/helloworld.o" -o "src/helloworld.o" "../src/helloworld.c"
In file included from ../src/helloworld.c:1:
../src/dma_init.h:1:14: error: unknown type name 'XAxiDma'
 int DMA_Init(XAxiDma * AxiDMA, u32 device_ID){
              ^~~~~~~
../src/dma_init.h:1:32: error: unknown type name 'u32'
 int DMA_Init(XAxiDma * AxiDMA, u32 device_ID){
                                ^~~
In file included from ../src/helloworld.c:9:
../../lab10_demo_bsp/ps7_cortexa9_0/include/xtime_l.h:87:9: note: #pragma message: For the sleep routines, Global timer is being used
 #pragma message ("For the sleep routines, Global timer is being used")
         ^~~~~~~
../src/helloworld.c: In function 'bitreverse':
../src/helloworld.c:19:1: warning: label 'bit_reversal' defined but not used [-Wunused-label]
 bit_reversal:
 ^~~~~~~~~~~~
../src/helloworld.c: In function 'FFT_stages':
../src/helloworld.c:42:1: warning: label 'stage3' defined but not used [-Wunused-label]
 stage3:
 ^~~~~~
../src/helloworld.c:34:1: warning: label 'stage2' defined but not used [-Wunused-label]
 stage2:
 ^~~~~~
../src/helloworld.c:28:1: warning: label 'stage1' defined but not used [-Wunused-label]
 stage1:
 ^~~~~~
../src/helloworld.c: In function 'main':
../src/helloworld.c:71:16: warning: passing argument 1 of 'bitreverse' discards 'const' qualifier from pointer target type [-Wdiscarded-qualifiers]
     bitreverse(FFT_input, FFT_rev_sw);
                ^~~~~~~~~
../src/helloworld.c:18:31: note: expected '_Complex float *' but argument is of type 'const _Complex float *'
 void bitreverse(float complex dataIn[N], float complex dataOut[N]) {
                 ~~~~~~~~~~~~~~^~~~~~~~~
../src/helloworld.c:81:14: warning: implicit declaration of function 'DMA_Init' [-Wimplicit-function-declaration]
     status = DMA_Init(&AxiDMA, XPAR_AXI_DMA_0_DEVICE_ID);
              ^~~~~~~~
../src/helloworld.c:79:9: warning: variable 'status' set but not used [-Wunused-but-set-variable]
     int status;
         ^~~~~~
make: *** [src/subdir.mk:26: src/helloworld.o] Error 1
19:39:34 **** Auto Build of configuration Debug for project lab10_demo ****
make pre-build main-build 
a9-linaro-pre-build-step
 
Building file: ../src/helloworld.c
Invoking: ARM v7 gcc compiler
arm-none-eabi-gcc -Wall -O0 -g3 -c -fmessage-length=0 -MT"src/helloworld.o" -mcpu=cortex-a9 -mfpu=vfpv3 -mfloat-abi=hard -I../../lab10_demo_bsp/ps7_cortexa9_0/include -MMD -MP -MF"src/helloworld.d" -MT"src/helloworld.o" -o "src/helloworld.o" "../src/helloworld.c"
In file included from ../src/helloworld.c:1:
../src/dma_init.h:3:14: error: unknown type name 'XAxiDma'
 int DMA_Init(XAxiDma * AxiDMA, u32 device_ID){
              ^~~~~~~
../src/dma_init.h:3:32: error: unknown type name 'u32'
 int DMA_Init(XAxiDma * AxiDMA, u32 device_ID){
                                ^~~
In file included from ../src/helloworld.c:9:
../../lab10_demo_bsp/ps7_cortexa9_0/include/xtime_l.h:87:9: note: #pragma message: For the sleep routines, Global timer is being used
 #pragma message ("For the sleep routines, Global timer is being used")
         ^~~~~~~
../src/helloworld.c: In function 'bitreverse':
../src/helloworld.c:19:1: warning: label 'bit_reversal' defined but not used [-Wunused-label]
 bit_reversal:
 ^~~~~~~~~~~~
../src/helloworld.c: In function 'FFT_stages':
[...]
Running Make include in ps7_cortexa9_0/libsrc/scutimer_v2_1/src
make -C ps7_cortexa9_0/libsrc/scutimer_v2_1/src -s include  "SHELL=/bin/sh" "COMPILER=arm-none-eabi-gcc" "ARCHIVER=arm-none-eabi-ar" "COMPILER_FLAGS=  -O2 -c" "EXTRA_COMPILER_FLAGS=-mcpu=cortex-a9 -mfpu=vfpv3 -mfloat-abi=hard -nostartfiles -g -Wall -Wextra"
Running Make include in ps7_cortexa9_0/libsrc/scuwdt_v2_1/src
make -C ps7_cortexa9_0/libsrc/scuwdt_v2_1/src -s include  "SHELL=/bin/sh" "COMPILER=arm-none-eabi-gcc" "ARCHIVER=arm-none-eabi-ar" "COMPILER_FLAGS=  -O2 -c" "EXTRA_COMPILER_FLAGS=-mcpu=cortex-a9 -mfpu=vfpv3 -mfloat-abi=hard -nostartfiles -g -Wall -Wextra"
Running Make include in ps7_cortexa9_0/libsrc/standalone_v7_0/src
make -C ps7_cortexa9_0/libsrc/standalone_v7_0/src -s include  "SHELL=/bin/sh" "COMPILER=arm-none-eabi-gcc" "ARCHIVER=arm-none-eabi-ar" "COMPILER_FLAGS=  -O2 -c" "EXTRA_COMPILER_FLAGS=-mcpu=cortex-a9 -mfpu=vfpv3 -mfloat-abi=hard -nostartfiles -g -Wall -Wextra"
Running Make include in ps7_cortexa9_0/libsrc/uartps_v3_7/src
make -C ps7_cortexa9_0/libsrc/uartps_v3_7/src -s include  "SHELL=/bin/sh" "COMPILER=arm-none-eabi-gcc" "ARCHIVER=arm-none-eabi-ar" "COMPILER_FLAGS=  -O2 -c" "EXTRA_COMPILER_FLAGS=-mcpu=cortex-a9 -mfpu=vfpv3 -mfloat-abi=hard -nostartfiles -g -Wall -Wextra"
Running Make include in ps7_cortexa9_0/libsrc/xadcps_v2_3/src
make -C ps7_cortexa9_0/libsrc/xadcps_v2_3/src -s include  "SHELL=/bin/sh" "COMPILER=arm-none-eabi-gcc" "ARCHIVER=arm-none-eabi-ar" "COMPILER_FLAGS=  -O2 -c" "EXTRA_COMPILER_FLAGS=-mcpu=cortex-a9 -mfpu=vfpv3 -mfloat-abi=hard -nostartfiles -g -Wall -Wextra"
Running Make libs in ps7_cortexa9_0/libsrc/axidma_v9_9/src
make -C ps7_cortexa9_0/libsrc/axidma_v9_9/src -s libs  "SHELL=/bin/sh" "COMPILER=arm-none-eabi-gcc" "ARCHIVER=arm-none-eabi-ar" "COMPILER_FLAGS=  -O2 -c" "EXTRA_COMPILER_FLAGS=-mcpu=cortex-a9 -mfpu=vfpv3 -mfloat-abi=hard -nostartfiles -g -Wall -Wextra"
Compiling axidma
Running Make libs in ps7_cortexa9_0/libsrc/coresightps_dcc_v1_5/src
make -C ps7_cortexa9_0/libsrc/coresightps_dcc_v1_5/src -s libs  "SHELL=/bin/sh" "COMPILER=arm-none-eabi-gcc" "ARCHIVER=arm-none-eabi-ar" "COMPILER_FLAGS=  -O2 -c" "EXTRA_COMPILER_FLAGS=-mcpu=cortex-a9 -mfpu=vfpv3 -mfloat-abi=hard -nostartfiles -g -Wall -Wextra"
Compiling coresightps_dcc
Running Make libs in ps7_cortexa9_0/libsrc/cpu_cortexa9_v2_7/src
make -C ps7_cortexa9_0/libsrc/cpu_cortexa9_v2_7/src -s libs  "SHELL=/bin/sh" "COMPILER=arm-none-eabi-gcc" "ARCHIVER=arm-none-eabi-ar" "COMPILER_FLAGS=  -O2 -c" "EXTRA_COMPILER_FLAGS=-mcpu=cortex-a9 -mfpu=vfpv3 -mfloat-abi=hard -nostartfiles -g -Wall -Wextra"
Compiling cpu_cortexa9
Running Make libs in ps7_cortexa9_0/libsrc/ddrps_v1_0/src
make -C ps7_cortexa9_0/libsrc/ddrps_v1_0/src -s libs  "SHELL=/bin/sh" "COMPILER=arm-none-eabi-gcc" "ARCHIVER=arm-none-eabi-ar" "COMPILER_FLAGS=  -O2 -c" "EXTRA_COMPILER_FLAGS=-mcpu=cortex-a9 -mfpu=vfpv3 -mfloat-abi=hard -nostartfiles -g -Wall -Wextra"
Compiling ddrps
Running Make libs in ps7_cortexa9_0/libsrc/devcfg_v3_5/src
make -C ps7_cortexa9_0/libsrc/devcfg_v3_5/src -s libs  "SHELL=/bin/sh" "COMPILER=arm-none-eabi-gcc" "ARCHIVER=arm-none-eabi-ar" "COMPILER_FLAGS=  -O2 -c" "EXTRA_COMPILER_FLAGS=-mcpu=cortex-a9 -mfpu=vfpv3 -mfloat-abi=hard -nostartfiles -g -Wall -Wextra"
Compiling devcfg
Running Make libs in ps7_cortexa9_0/libsrc/dmaps_v2_4/src
make -C ps7_cortexa9_0/libsrc/dmaps_v2_4/src -s libs  "SHELL=/bin/sh" "COMPILER=arm-none-eabi-gcc" "ARCHIVER=arm-none-eabi-ar" "COMPILER_FLAGS=  -O2 -c" "EXTRA_COMPILER_FLAGS=-mcpu=cortex-a9 -mfpu=vfpv3 -mfloat-abi=hard -nostartfiles -g -Wall -Wextra"
Compiling dmaps
Running Make libs in ps7_cortexa9_0/libsrc/gpiops_v3_5/src
make -C ps7_cortexa9_0/libsrc/gpiops_v3_5/src -s libs  "SHELL=/bin/sh" "COMPILER=arm-none-eabi-gcc" "ARCHIVER=arm-none-eabi-ar" "COMPILER_FLAGS=  -O2 -c" "EXTRA_COMPILER_FLAGS=-mcpu=cortex-a9 -mfpu=vfpv3 -mfloat-abi=hard -nostartfiles -g -Wall -Wextra"
Compiling gpiops
Running Make libs in ps7_cortexa9_0/libsrc/scugic_v4_0/src
make -C ps7_cortexa9_0/libsrc/scugic_v4_0/src -s libs  "SHELL=/bin/sh" "COMPILER=arm-none-eabi-gcc" "ARCHIVER=arm-none-eabi-ar" "COMPILER_FLAGS=  -O2 -c" "EXTRA_COMPILER_FLAGS=-mcpu=cortex-a9 -mfpu=vfpv3 -mfloat-abi=hard -nostartfiles -g -Wall -Wextra"
Compiling scugic
Running Make libs in ps7_cortexa9_0/libsrc/scutimer_v2_1/src
make -C ps7_cortexa9_0/libsrc/scutimer_v2_1/src -s libs  "SHELL=/bin/sh" "COMPILER=arm-none-eabi-gcc" "ARCHIVER=arm-none-eabi-ar" "COMPILER_FLAGS=  -O2 -c" "EXTRA_COMPILER_FLAGS=-mcpu=cortex-a9 -mfpu=vfpv3 -mfloat-abi=hard -nostartfiles -g -Wall -Wextra"
Compiling scutimer
Running Make libs in ps7_cortexa9_0/libsrc/scuwdt_v2_1/src
make -C ps7_cortexa9_0/libsrc/scuwdt_v2_1/src -s libs  "SHELL=/bin/sh" "COMPILER=arm-none-eabi-gcc" "ARCHIVER=arm-none-eabi-ar" "COMPILER_FLAGS=  -O2 -c" "EXTRA_COMPILER_FLAGS=-mcpu=cortex-a9 -mfpu=vfpv3 -mfloat-abi=hard -nostartfiles -g -Wall -Wextra"
Compiling scuwdt
Running Make libs in ps7_cortexa9_0/libsrc/standalone_v7_0/src
make -C ps7_cortexa9_0/libsrc/standalone_v7_0/src -s libs  "SHELL=/bin/sh" "COMPILER=arm-none-eabi-gcc" "ARCHIVER=arm-none-eabi-ar" "COMPILER_FLAGS=  -O2 -c" "EXTRA_COMPILER_FLAGS=-mcpu=cortex-a9 -mfpu=vfpv3 -mfloat-abi=hard -nostartfiles -g -Wall -Wextra"
Compiling standalone
In file included from sleep.c:53:
xtime_l.h:87:9: note: #pragma message: For the sleep routines, Global timer is being used
 #pragma message ("For the sleep routines, Global timer is being used")
         ^~~~~~~
In file included from usleep.c:56:
xtime_l.h:87:9: note: #pragma message: For the sleep routines, Global timer is being used
 #pragma message ("For the sleep routines, Global timer is being used")
         ^~~~~~~
In file included from xil_sleeptimer.c:51:
xtime_l.h:87:9: note: #pragma message: For the sleep routines, Global timer is being used
 #pragma message ("For the sleep routines, Global timer is being used")
         ^~~~~~~
In file included from xtime_l.c:49:
xtime_l.h:87:9: note: #pragma message: For the sleep routines, Global timer is being used
 #pragma message ("For the sleep routines, Global timer is being used")
         ^~~~~~~
Running Make libs in ps7_cortexa9_0/libsrc/uartps_v3_7/src
make -C ps7_cortexa9_0/libsrc/uartps_v3_7/src -s libs  "SHELL=/bin/sh" "COMPILER=arm-none-eabi-gcc" "ARCHIVER=arm-none-eabi-ar" "COMPILER_FLAGS=  -O2 -c" "EXTRA_COMPILER_FLAGS=-mcpu=cortex-a9 -mfpu=vfpv3 -mfloat-abi=hard -nostartfiles -g -Wall -Wextra"
Compiling uartps
Running Make libs in ps7_cortexa9_0/libsrc/xadcps_v2_3/src
make -C ps7_cortexa9_0/libsrc/xadcps_v2_3/src -s libs  "SHELL=/bin/sh" "COMPILER=arm-none-eabi-gcc" "ARCHIVER=arm-none-eabi-ar" "COMPILER_FLAGS=  -O2 -c" "EXTRA_COMPILER_FLAGS=-mcpu=cortex-a9 -mfpu=vfpv3 -mfloat-abi=hard -nostartfiles -g -Wall -Wextra"
Compiling xadcps
Finished building libraries
20:01:00 **** Auto Build of project lab10_demo_bsp ****
make -k all 
Running Make include in ps7_cortexa9_0/libsrc/axidma_v9_9/src
make -C ps7_cortexa9_0/libsrc/axidma_v9_9/src -s include  "SHELL=/bin/sh" "COMPILER=arm-none-eabi-gcc" "ARCHIVER=arm-none-eabi-ar" "COMPILER_FLAGS=  -O2 -c" "EXTRA_COMPILER_FLAGS=-mcpu=cortex-a9 -mfpu=vfpv3 -mfloat-abi=hard -nostartfiles -g -Wall -Wextra"
Running Make include in ps7_cortexa9_0/libsrc/coresightps_dcc_v1_5/src
make -C ps7_cortexa9_0/libsrc/coresightps_dcc_v1_5/src -s include  "SHELL=/bin/sh" "COMPILER=arm-none-eabi-gcc" "ARCHIVER=arm-none-eabi-ar" "COMPILER_FLAGS=  -O2 -c" "EXTRA_COMPILER_FLAGS=-mcpu=cortex-a9 -mfpu=vfpv3 -mfloat-abi=hard -nostartfiles -g -Wall -Wextra"
Running Make include in ps7_cortexa9_0/libsrc/cpu_cortexa9_v2_7/src
make -C ps7_cortexa9_0/libsrc/cpu_cortexa9_v2_7/src -s include  "SHELL=/bin/sh" "COMPILER=arm-none-eabi-gcc" "ARCHIVER=arm-none-eabi-ar" "COMPILER_FLAGS=  -O2 -c" "EXTRA_COMPILER_FLAGS=-mcpu=cortex-a9 -mfpu=vfpv3 -mfloat-abi=hard -nostartfiles -g -Wall -Wextra"
Running Make include in ps7_cortexa9_0/libsrc/ddrps_v1_0/src
make -C ps7_cortexa9_0/libsrc/ddrps_v1_0/src -s include  "SHELL=/bin/sh" "COMPILER=arm-none-eabi-gcc" "ARCHIVER=arm-none-eabi-ar" "COMPILER_FLAGS=  -O2 -c" "EXTRA_COMPILER_FLAGS=-mcpu=cortex-a9 -mfpu=vfpv3 -mfloat-abi=hard -nostartfiles -g -Wall -Wextra"
Running Make include in ps7_cortexa9_0/libsrc/devcfg_v3_5/src
make -C ps7_cortexa9_0/libsrc/devcfg_v3_5/src -s include  "SHELL=/bin/sh" "COMPILER=arm-none-eabi-gcc" "ARCHIVER=arm-none-eabi-ar" "COMPILER_FLAGS=  -O2 -c" "EXTRA_COMPILER_FLAGS=-mcpu=cortex-a9 -mfpu=vfpv3 -mfloat-abi=hard -nostartfiles -g -Wall -Wextra"
Running Make include in ps7_cortexa9_0/libsrc/dmaps_v2_4/src
make -C ps7_cortexa9_0/libsrc/dmaps_v2_4/src -s include  "SHELL=/bin/sh" "COMPILER=arm-none-eabi-gcc" "ARCHIVER=arm-none-eabi-ar" "COMPILER_FLAGS=  -O2 -c" "EXTRA_COMPILER_FLAGS=-mcpu=cortex-a9 -mfpu=vfpv3 -mfloat-abi=hard -nostartfiles -g -Wall -Wextra"
Running Make include in ps7_cortexa9_0/libsrc/gpiops_v3_5/src
make -C ps7_cortexa9_0/libsrc/gpiops_v3_5/src -s include  "SHELL=/bin/sh" "COMPILER=arm-none-eabi-gcc" "ARCHIVER=arm-none-eabi-ar" "COMPILER_FLAGS=  -O2 -c" "EXTRA_COMPILER_FLAGS=-mcpu=cortex-a9 -mfpu=vfpv3 -mfloat-abi=hard -nostartfiles -g -Wall -Wextra"
Running Make include in ps7_cortexa9_0/libsrc/scugic_v4_0/src
make -C ps7_cortexa9_0/libsrc/scugic_v4_0/src -s include  "SHELL=/bin/sh" "COMPILER=arm-none-eabi-gcc" "ARCHIVER=arm-none-eabi-ar" "COMPILER_FLAGS=  -O2 -c" "EXTRA_COMPILER_FLAGS=-mcpu=cortex-a9 -mfpu=vfpv3 -mfloat-abi=hard -nostartfiles -g -Wall -Wextra"
Running Make include in ps7_cortexa9_0/libsrc/scutimer_v2_1/src
make -C ps7_cortexa9_0/libsrc/scutimer_v2_1/src -s include  "SHELL=/bin/sh" "COMPILER=arm-none-eabi-gcc" "ARCHIVER=arm-none-eabi-ar" "COMPILER_FLAGS=  -O2 -c" "EXTRA_COMPILER_FLAGS=-mcpu=cortex-a9 -mfpu=vfpv3 -mfloat-abi=hard -nostartfiles -g -Wall -Wextra"
Running Make include in ps7_cortexa9_0/libsrc/scuwdt_v2_1/src
make -C ps7_cortexa9_0/libsrc/scuwdt_v2_1/src -s include  "SHELL=/bin/sh" "COMPILER=arm-none-eabi-gcc" "ARCHIVER=arm-none-eabi-ar" "COMPILER_FLAGS=  -O2 -c" "EXTRA_COMPILER_FLAGS=-mcpu=cortex-a9 -mfpu=vfpv3 -mfloat-abi=hard -nostartfiles -g -Wall -Wextra"
Running Make include in ps7_cortexa9_0/libsrc/standalone_v7_0/src
make -C ps7_cortexa9_0/libsrc/standalone_v7_0/src -s include  "SHELL=/bin/sh" "COMPILER=arm-none-eabi-gcc" "ARCHIVER=arm-none-eabi-ar" "COMPILER_FLAGS=  -O2 -c" "EXTRA_COMPILER_FLAGS=-mcpu=cortex-a9 -mfpu=vfpv3 -mfloat-abi=hard -nostartfiles -g -Wall -Wextra"
Running Make include in ps7_cortexa9_0/libsrc/uartps_v3_7/src
make -C ps7_cortexa9_0/libsrc/uartps_v3_7/src -s include  "SHELL=/bin/sh" "COMPILER=arm-none-eabi-gcc" "ARCHIVER=arm-none-eabi-ar" "COMPILER_FLAGS=  -O2 -c" "EXTRA_COMPILER_FLAGS=-mcpu=cortex-a9 -mfpu=vfpv3 -mfloat-abi=hard -nostartfiles -g -Wall -Wextra"
Running Make include in ps7_cortexa9_0/libsrc/xadcps_v2_3/src
make -C ps7_cortexa9_0/libsrc/xadcps_v2_3/src -s include  "SHELL=/bin/sh" "COMPILER=arm-none-eabi-gcc" "ARCHIVER=arm-none-eabi-ar" "COMPILER_FLAGS=  -O2 -c" "EXTRA_COMPILER_FLAGS=-mcpu=cortex-a9 -mfpu=vfpv3 -mfloat-abi=hard -nostartfiles -g -Wall -Wextra"
Running Make libs in ps7_cortexa9_0/libsrc/axidma_v9_9/src
make -C ps7_cortexa9_0/libsrc/axidma_v9_9/src -s libs  "SHELL=/bin/sh" "COMPILER=arm-none-eabi-gcc" "ARCHIVER=arm-none-eabi-ar" "COMPILER_FLAGS=  -O2 -c" "EXTRA_COMPILER_FLAGS=-mcpu=cortex-a9 -mfpu=vfpv3 -mfloat-abi=hard -nostartfiles -g -Wall -Wextra"
Compiling axidma
arm-none-eabi-ar: creating ../../../lib/libxil.a
Running Make libs in ps7_cortexa9_0/libsrc/coresightps_dcc_v1_5/src
make -C ps7_cortexa9_0/libsrc/coresightps_dcc_v1_5/src -s libs  "SHELL=/bin/sh" "COMPILER=arm-none-eabi-gcc" "ARCHIVER=arm-none-eabi-ar" "COMPILER_FLAGS=  -O2 -c" "EXTRA_COMPILER_FLAGS=-mcpu=cortex-a9 -mfpu=vfpv3 -mfloat-abi=hard -nostartfiles -g -Wall -Wextra"
Compiling coresightps_dcc
Running Make libs in ps7_cortexa9_0/libsrc/cpu_cortexa9_v2_7/src
make -C ps7_cortexa9_0/libsrc/cpu_cortexa9_v2_7/src -s libs  "SHELL=/bin/sh" "COMPILER=arm-none-eabi-gcc" "ARCHIVER=arm-none-eabi-ar" "COMPILER_FLAGS=  -O2 -c" "EXTRA_COMPILER_FLAGS=-mcpu=cortex-a9 -mfpu=vfpv3 -mfloat-abi=hard -nostartfiles -g -Wall -Wextra"
Compiling cpu_cortexa9
Running Make libs in ps7_cortexa9_0/libsrc/ddrps_v1_0/src
make -C ps7_cortexa9_0/libsrc/ddrps_v1_0/src -s libs  "SHELL=/bin/sh" "COMPILER=arm-none-eabi-gcc" "ARCHIVER=arm-none-eabi-ar" "COMPILER_FLAGS=  -O2 -c" "EXTRA_COMPILER_FLAGS=-mcpu=cortex-a9 -mfpu=vfpv3 -mfloat-abi=hard -nostartfiles -g -Wall -Wextra"
Compiling ddrps
Running Make libs in ps7_cortexa9_0/libsrc/devcfg_v3_5/src
make -C ps7_cortexa9_0/libsrc/devcfg_v3_5/src -s libs  "SHELL=/bin/sh" "COMPILER=arm-none-eabi-gcc" "ARCHIVER=arm-none-eabi-ar" "COMPILER_FLAGS=  -O2 -c" "EXTRA_COMPILER_FLAGS=-mcpu=cortex-a9 -mfpu=vfpv3 -mfloat-abi=hard -nostartfiles -g -Wall -Wextra"
Compiling devcfg
Running Make libs in ps7_cortexa9_0/libsrc/dmaps_v2_4/src
make -C ps7_cortexa9_0/libsrc/dmaps_v2_4/src -s libs  "SHELL=/bin/sh" "COMPILER=arm-none-eabi-gcc" "ARCHIVER=arm-none-eabi-ar" "COMPILER_FLAGS=  -O2 -c" "EXTRA_COMPILER_FLAGS=-mcpu=cortex-a9 -mfpu=vfpv3 -mfloat-abi=hard -nostartfiles -g -Wall -Wextra"
Compiling dmaps
Running Make libs in ps7_cortexa9_0/libsrc/gpiops_v3_5/src
make -C ps7_cortexa9_0/libsrc/gpiops_v3_5/src -s libs  "SHELL=/bin/sh" "COMPILER=arm-none-eabi-gcc" "ARCHIVER=arm-none-eabi-ar" "COMPILER_FLAGS=  -O2 -c" "EXTRA_COMPILER_FLAGS=-mcpu=cortex-a9 -mfpu=vfpv3 -mfloat-abi=hard -nostartfiles -g -Wall -Wextra"
Compiling gpiops
Running Make libs in ps7_cortexa9_0/libsrc/scugic_v4_0/src
make -C ps7_cortexa9_0/libsrc/scugic_v4_0/src -s libs  "SHELL=/bin/sh" "COMPILER=arm-none-eabi-gcc" "ARCHIVER=arm-none-eabi-ar" "COMPILER_FLAGS=  -O2 -c" "EXTRA_COMPILER_FLAGS=-mcpu=cortex-a9 -mfpu=vfpv3 -mfloat-abi=hard -nostartfiles -g -Wall -Wextra"
Compiling scugic
Running Make libs in ps7_cortexa9_0/libsrc/scutimer_v2_1/src
make -C ps7_cortexa9_0/libsrc/scutimer_v2_1/src -s libs  "SHELL=/bin/sh" "COMPILER=arm-none-eabi-gcc" "ARCHIVER=arm-none-eabi-ar" "COMPILER_FLAGS=  -O2 -c" "EXTRA_COMPILER_FLAGS=-mcpu=cortex-a9 -mfpu=vfpv3 -mfloat-abi=hard -nostartfiles -g -Wall -Wextra"
Compiling scutimer
Running Make libs in ps7_cortexa9_0/libsrc/scuwdt_v2_1/src
make -C ps7_cortexa9_0/libsrc/scuwdt_v2_1/src -s libs  "SHELL=/bin/sh" "COMPILER=arm-none-eabi-gcc" "ARCHIVER=arm-none-eabi-ar" "COMPILER_FLAGS=  -O2 -c" "EXTRA_COMPILER_FLAGS=-mcpu=cortex-a9 -mfpu=vfpv3 -mfloat-abi=hard -nostartfiles -g -Wall -Wextra"
Compiling scuwdt
Running Make libs in ps7_cortexa9_0/libsrc/standalone_v7_0/src
make -C ps7_cortexa9_0/libsrc/standalone_v7_0/src -s libs  "SHELL=/bin/sh" "COMPILER=arm-none-eabi-gcc" "ARCHIVER=arm-none-eabi-ar" "COMPILER_FLAGS=  -O2 -c" "EXTRA_COMPILER_FLAGS=-mcpu=cortex-a9 -mfpu=vfpv3 -mfloat-abi=hard -nostartfiles -g -Wall -Wextra"
Compiling standalone
In file included from sleep.c:53:
xtime_l.h:87:9: note: #pragma message: For the sleep routines, Global timer is being used
 #pragma message ("For the sleep routines, Global timer is being used")
         ^~~~~~~
In file included from usleep.c:56:
xtime_l.h:87:9: note: #pragma message: For the sleep routines, Global timer is being used
 #pragma message ("For the sleep routines, Global timer is being used")
         ^~~~~~~
In file included from xil_sleeptimer.c:51:
xtime_l.h:87:9: note: #pragma message: For the sleep routines, Global timer is being used
 #pragma message ("For the sleep routines, Global timer is being used")
         ^~~~~~~
In file included from xtime_l.c:49:
xtime_l.h:87:9: note: #pragma message: For the sleep routines, Global timer is being used
 #pragma message ("For the sleep routines, Global timer is being used")
         ^~~~~~~
Running Make libs in ps7_cortexa9_0/libsrc/uartps_v3_7/src
make -C ps7_cortexa9_0/libsrc/uartps_v3_7/src -s libs  "SHELL=/bin/sh" "COMPILER=arm-none-eabi-gcc" "ARCHIVER=arm-none-eabi-ar" "COMPILER_FLAGS=  -O2 -c" "EXTRA_COMPILER_FLAGS=-mcpu=cortex-a9 -mfpu=vfpv3 -mfloat-abi=hard -nostartfiles -g -Wall -Wextra"
Compiling uartps
Running Make libs in ps7_cortexa9_0/libsrc/xadcps_v2_3/src
make -C ps7_cortexa9_0/libsrc/xadcps_v2_3/src -s libs  "SHELL=/bin/sh" "COMPILER=arm-none-eabi-gcc" "ARCHIVER=arm-none-eabi-ar" "COMPILER_FLAGS=  -O2 -c" "EXTRA_COMPILER_FLAGS=-mcpu=cortex-a9 -mfpu=vfpv3 -mfloat-abi=hard -nostartfiles -g -Wall -Wextra"
Compiling xadcps
Finished building libraries
20:01:05 **** Auto Build of configuration Debug for project lab10_demo ****
make pre-build main-build 
a9-linaro-pre-build-step
 
Building file: ../src/helloworld.c
Invoking: ARM v7 gcc compiler
arm-none-eabi-gcc -Wall -O0 -g3 -c -fmessage-length=0 -MT"src/helloworld.o" -mcpu=cortex-a9 -mfpu=vfpv3 -mfloat-abi=hard -I../../lab10_demo_bsp/ps7_cortexa9_0/include -MMD -MP -MF"src/helloworld.d" -MT"src/helloworld.o" -o "src/helloworld.o" "../src/helloworld.c"
In file included from ../src/helloworld.c:1:
../src/dma_init.h: In function 'DMA_Init':
../src/dma_init.h:13:6: warning: implicit declaration of function 'printf' [-Wimplicit-function-declaration]
      printf("\n\rDMA Initialization Failed !");
      ^~~~~~
../src/dma_init.h:13:6: warning: incompatible implicit declaration of built-in function 'printf'
../src/dma_init.h:13:6: note: include '<stdio.h>' or provide a declaration of 'printf'
../src/dma_init.h:3:1:
+#include <stdio.h>
 
../src/dma_init.h:13:6:
      printf("\n\rDMA Initialization Failed !");
      ^~~~~~
In file included from ../src/helloworld.c:9:
../../lab10_demo_bsp/ps7_cortexa9_0/include/xtime_l.h: At top level:
../../lab10_demo_bsp/ps7_cortexa9_0/include/xtime_l.h:87:9: note: #pragma message: For the sleep routines, Global timer is being used
 #pragma message ("For the sleep routines, Global timer is being used")
         ^~~~~~~
../src/helloworld.c: In function 'bitreverse':
../src/helloworld.c:19:1: warning: label 'bit_reversal' defined but not used [-Wunused-label]
 bit_reversal:
 ^~~~~~~~~~~~
../src/helloworld.c: In function 'FFT_stages':
../src/helloworld.c:42:1: warning: label 'stage3' defined but not used [-Wunused-label]
 stage3:
 ^~~~~~
../src/helloworld.c:34:1: warning: label 'stage2' defined but not used [-Wunused-label]
 stage2:
 ^~~~~~
../src/helloworld.c:28:1: warning: label 'stage1' defined but not used [-Wunused-label]
 stage1:
 ^~~~~~
../src/helloworld.c: In function 'main':
../src/helloworld.c:71:16: warning: passing argument 1 of 'bitreverse' discards 'const' qualifier from pointer target type [-Wdiscarded-qualifiers]
     bitreverse(FFT_input, FFT_rev_sw);
                ^~~~~~~~~
../src/helloworld.c:18:31: note: expected '_Complex float *' but argument is of type 'const _Complex float *'
 void bitreverse(float complex dataIn[N], float complex dataOut[N]) {
                 ~~~~~~~~~~~~~~^~~~~~~~~
../src/helloworld.c:79:9: warning: variable 'status' set but not used [-Wunused-but-set-variable]
     int status;
         ^~~~~~
Finished building: ../src/helloworld.c
 
Building file: ../src/platform.c
Invoking: ARM v7 gcc compiler
arm-none-eabi-gcc -Wall -O0 -g3 -c -fmessage-length=0 -MT"src/platform.o" -mcpu=cortex-a9 -mfpu=vfpv3 -mfloat-abi=hard -I../../lab10_demo_bsp/ps7_cortexa9_0/include -MMD -MP -MF"src/platform.d" -MT"src/platform.o" -o "src/platform.o" "../src/platform.c"
Finished building: ../src/platform.c
 
Building target: lab10_demo.elf
Invoking: ARM v7 gcc linker
arm-none-eabi-gcc -mcpu=cortex-a9 -mfpu=vfpv3 -mfloat-abi=hard -Wl,-build-id=none -specs=Xilinx.spec -Wl,-T -Wl,../src/lscript.ld -L../../lab10_demo_bsp/ps7_cortexa9_0/lib -o "lab10_demo.elf" ./src/helloworld.o ./src/platform.o   -Wl,--start-group,-lxil,-lgcc,-lc,--end-group
Finished building target: lab10_demo.elf
 
Invoking: ARM v7 Print Size
arm-none-eabi-size lab10_demo.elf  |tee "lab10_demo.elf.size"
   text	   data	    bss	    dec	    hex	filename
  70552	   2648	  23328	  96528	  17910	lab10_demo.elf
Finished building: lab10_demo.elf.size
 
